******************************************************************************
                  TI ARM Linker PC v20.2.7                     
******************************************************************************
>> Linked Tue Sep  5 22:23:54 2023

OUTPUT FILE NAME:   <DemoProject_WithCallBackFunc.out>
ENTRY POINT SYMBOL: "_c_int00_noargs"  address: 000019b5


MEMORY CONFIGURATION

         name            origin    length      used     unused   attr    fill
----------------------  --------  ---------  --------  --------  ----  --------
  FLASH                 00000000   00040000  00001ea3  0003e15d  R  X
  SRAM                  20000000   00008000  0000027d  00007d83  RW X


SEGMENT ALLOCATION MAP

run origin  load origin   length   init length attrs members
----------  ----------- ---------- ----------- ----- -------
00000000    00000000    00001ea8   00001ea8    r-x
  00000000    00000000    0000026c   0000026c    r-- .intvecs
  0000026c    0000026c    000017ac   000017ac    r-x .text
  00001a18    00001a18    00000423   00000423    r-- .const
  00001e40    00001e40    00000068   00000068    r-- .cinit
20000000    20000000    0000027d   00000000    rw-
  20000000    20000000    00000200   00000000    rw- .stack
  20000200    20000200    0000007d   00000000    rw- .data


SECTION ALLOCATION MAP

 output                                  attributes/
section   page    origin      length       input sections
--------  ----  ----------  ----------   ----------------
.intvecs   0    00000000    0000026c     
                  00000000    0000026c     tm4c123gh6pm_startup_ccs.obj (.intvecs)

.text      0    0000026c    000017ac     
                  0000026c    00000a44     GPIO.obj (.text)
                  00000cb0    000004fc     GPTM.obj (.text)
                  000011ac    00000274     NVIC.obj (.text)
                  00001420    0000026c     SystemControl.obj (.text)
                  0000168c    000000dc     Button.obj (.text)
                  00001768    0000009c     rtsv7M4_T_le_v4SPD16_eabi.lib : memcpy_t2.asm.obj (.text)
                  00001804    00000096                                   : ull_div_t2.asm.obj (.text)
                  0000189a    00000002                                   : div0.asm.obj (.text)
                  0000189c    0000006c     Led.obj (.text)
                  00001908    00000068     rtsv7M4_T_le_v4SPD16_eabi.lib : copy_decompress_lzss.c.obj (.text:decompress:lzss:__TI_decompress_lzss)
                  00001970    00000044                                   : autoinit.c.obj (.text:__TI_auto_init_nobinit_nopinit:__TI_auto_init_nobinit_nopinit)
                  000019b4    00000034                                   : boot_cortex_m.c.obj (.text:_c_int00_noargs:_c_int00_noargs)
                  000019e8    0000000e                                   : copy_decompress_none.c.obj (.text:decompress:none:__TI_decompress_none)
                  000019f6    0000000e     main.obj (.text)
                  00001a04    0000000c     tm4c123gh6pm_startup_ccs.obj (.text)
                  00001a10    00000004     rtsv7M4_T_le_v4SPD16_eabi.lib : pre_init.c.obj (.text:_system_pre_init)
                  00001a14    00000004                                   : exit.c.obj (.text:abort:abort)

.const     0    00001a18    00000423     
                  00001a18    00000060     GPTM.obj (.const:GPTM_TimerMode)
                  00001a78    00000030     GPIO_config.obj (.const:GPIO_TimerAFSELConfig_ArrPtrStruct)
                  00001aa8    00000030     GPTM.obj (.const:GPTM_ConfigurationRegisters)
                  00001ad8    00000030     GPTM.obj (.const:GPTM_Control)
                  00001b08    00000030     GPTM.obj (.const:GPTM_ICRRegisters)
                  00001b38    00000030     GPTM.obj (.const:GPTM_IMRRegisters)
                  00001b68    00000030     GPTM.obj (.const:GPTM_RISRegisters)
                  00001b98    00000020     NVIC.obj (.const:Interrupt_Priority_Register)
                  00001bb8    00000018     GPIO.obj (.const:GPIO_AlternateFunctionSelect_Registers)
                  00001bd0    00000018     GPIO.obj (.const:GPIO_AnalogModeSelect_Registers)
                  00001be8    00000018     GPIO.obj (.const:GPIO_Data_Registers)
                  00001c00    00000018     GPIO.obj (.const:GPIO_DigitalEnable_Registers)
                  00001c18    00000018     GPIO.obj (.const:GPIO_Direction_Registers)
                  00001c30    00000018     GPIO.obj (.const:GPIO_InterruptBothEdges_Registers)
                  00001c48    00000018     GPIO.obj (.const:GPIO_InterruptClear_Registers)
                  00001c60    00000018     GPIO.obj (.const:GPIO_InterruptEvent_Registers)
                  00001c78    00000018     GPIO.obj (.const:GPIO_InterruptMask_Registers)
                  00001c90    00000018     GPIO.obj (.const:GPIO_InterruptSense_Registers)
                  00001ca8    00000018     GPIO.obj (.const:GPIO_LOCK_Registers)
                  00001cc0    00000018     GPIO.obj (.const:GPIO_NVICInterruptNum)
                  00001cd8    00000018     GPIO.obj (.const:GPIO_PortControl_Registers)
                  00001cf0    00000018     GPIO.obj (.const:GPIO_Port_Commit)
                  00001d08    00000018     GPIO.obj (.const:GPIO_PullUp_Registers)
                  00001d20    00000018     GPTM.obj (.const:GPTM_32BitTimerB_IntervalLoad)
                  00001d38    00000018     GPTM.obj (.const:GPTM_32BitTimerB_Match)
                  00001d50    00000018     GPTM.obj (.const:GPTM_32_64_BitTimerA_IntervalLoad)
                  00001d68    00000018     GPTM.obj (.const:GPTM_32_64_BitTimerA_Match)
                  00001d80    00000010     NVIC.obj (.const:Clear_Pending_Register)
                  00001d90    00000010     GPIO_config.obj (.const:GPIO_InterruptSource_ArrPtrStruct)
                  00001da0    00000010     NVIC.obj (.const:Interrupt_Clear_Registers)
                  00001db0    00000010     NVIC.obj (.const:Interrupt_Enable_Registers)
                  00001dc0    00000010     NVIC.obj (.const:Set_Pending_Register)
                  00001dd0    0000000f     SystemControl.obj (.const:.string:SC_SYSDIV)
                  00001ddf    00000008     SystemControl.obj (.const:.string:SC_PWMDIV)
                  00001de7    00000004     GPTM_config.obj (.const:GPTM_Config_32BitTimer0A)
                  00001deb    00000004     GPTM_config.obj (.const:GPTM_Config_32BitTimer0B)
                  00001def    00000004     GPTM_config.obj (.const:GPTM_Config_32BitTimer1A)
                  00001df3    00000004     GPTM_config.obj (.const:GPTM_Config_32BitTimer1B)
                  00001df7    00000004     GPTM_config.obj (.const:GPTM_Config_32BitTimer2A)
                  00001dfb    00000004     GPTM_config.obj (.const:GPTM_Config_32BitTimer2B)
                  00001dff    00000004     GPTM_config.obj (.const:GPTM_Config_32BitTimer3A)
                  00001e03    00000004     GPTM_config.obj (.const:GPTM_Config_32BitTimer3B)
                  00001e07    00000004     GPTM_config.obj (.const:GPTM_Config_32BitTimer4A)
                  00001e0b    00000004     GPTM_config.obj (.const:GPTM_Config_32BitTimer4B)
                  00001e0f    00000004     GPTM_config.obj (.const:GPTM_Config_32BitTimer5A)
                  00001e13    00000004     GPTM_config.obj (.const:GPTM_Config_32BitTimer5B)
                  00001e17    00000003     GPIO_config.obj (.const:Timer0A_32_64Bit)
                  00001e1a    00000003     GPIO_config.obj (.const:Timer0B_32_64Bit)
                  00001e1d    00000003     GPIO_config.obj (.const:Timer1A_32_64Bit)
                  00001e20    00000003     GPIO_config.obj (.const:Timer1B_32_64Bit)
                  00001e23    00000003     GPIO_config.obj (.const:Timer2A_32_64Bit)
                  00001e26    00000003     GPIO_config.obj (.const:Timer2B_32_64Bit)
                  00001e29    00000003     GPIO_config.obj (.const:Timer3A_32_64Bit)
                  00001e2c    00000003     GPIO_config.obj (.const:Timer3B_32_64Bit)
                  00001e2f    00000003     GPIO_config.obj (.const:Timer4A_32_64Bit)
                  00001e32    00000003     GPIO_config.obj (.const:Timer4B_32_64Bit)
                  00001e35    00000003     GPIO_config.obj (.const:Timer5A_32_64Bit)
                  00001e38    00000003     GPIO_config.obj (.const:Timer5B_32_64Bit)

.cinit     0    00001e40    00000068     
                  00001e40    00000057     (.cinit..data.load) [load image, compression = lzss]
                  00001e97    00000001     --HOLE-- [fill = 0]
                  00001e98    00000008     (__TI_handler_table)
                  00001ea0    00000008     (__TI_cinit_table)

.init_array 
*          0    00000000    00000000     UNINITIALIZED

.data      0    20000200    0000007d     UNINITIALIZED
                  20000200    00000030     GPTM_config.obj (.data:GPTM_Config_ArrPtrStruct)
                  20000230    00000018     GPIO.obj (.data:EXTI_Callback)
                  20000248    00000018     GPIO.obj (.data:GPIO_BIT_BAND_Registers)
                  20000260    00000004     GPTM.obj (.data)
                  20000264    00000003     Button.obj (.data)
                  20000267    00000003     GPIO_config.obj (.data:InterruptSourceFallingEdge)
                  2000026a    00000003     GPIO_config.obj (.data:InterruptSourceFallingLevel)
                  2000026d    00000003     GPIO_config.obj (.data:InterruptSourceRisingEdge)
                  20000270    00000003     GPIO_config.obj (.data:InterruptSourceRisingLevel)
                  20000273    00000002     GPIO_config.obj (.data:GPIO_ConfigurePin_PF0)
                  20000275    00000002     GPIO_config.obj (.data:GPIO_ConfigurePin_PF1)
                  20000277    00000002     GPIO_config.obj (.data:GPIO_ConfigurePin_PF2)
                  20000279    00000002     GPIO_config.obj (.data:GPIO_ConfigurePin_PF3)
                  2000027b    00000002     GPIO_config.obj (.data:GPIO_ConfigurePin_PF4)

.stack     0    20000000    00000200     UNINITIALIZED
                  20000000    00000004     rtsv7M4_T_le_v4SPD16_eabi.lib : boot_cortex_m.c.obj (.stack)
                  20000004    000001fc     --HOLE--

__llvm_prf_cnts 
*          0    20000000    00000000     UNINITIALIZED

MODULE SUMMARY

       Module                         code   ro data   rw data
       ------                         ----   -------   -------
    .\
       GPIO.obj                       2628   360       48     
       GPTM.obj                       1276   432       4      
       NVIC.obj                       628    96        0      
       SystemControl.obj              620    23        0      
       tm4c123gh6pm_startup_ccs.obj   12     620       0      
       Button.obj                     220    0         3      
       GPIO_config.obj                0      100       22     
       Led.obj                        108    0         0      
       GPTM_config.obj                0      48        48     
       main.obj                       14     0         0      
    +--+------------------------------+------+---------+---------+
       Total:                         5506   1679      125    
                                                              
    D:\CodeComposer\ccs\tools\compiler\ti-cgt-arm_20.2.7.LTS\lib\rtsv7M4_T_le_v4SPD16_eabi.lib
       memcpy_t2.asm.obj              156    0         0      
       ull_div_t2.asm.obj             150    0         0      
       copy_decompress_lzss.c.obj     104    0         0      
       autoinit.c.obj                 68     0         0      
       boot_cortex_m.c.obj            52     0         0      
       copy_decompress_none.c.obj     14     0         0      
       exit.c.obj                     4      0         0      
       pre_init.c.obj                 4      0         0      
       div0.asm.obj                   2      0         0      
    +--+------------------------------+------+---------+---------+
       Total:                         554    0         0      
                                                              
       Stack:                         0      0         512    
       Linker Generated:              0      103       0      
    +--+------------------------------+------+---------+---------+
       Grand Total:                   6060   1782      637    


LINKER GENERATED COPY TABLES

__TI_cinit_table @ 00001ea0 records: 1, size/record: 8, table size: 8
	.data: load addr=00001e40, load size=00000057 bytes, run addr=20000200, run size=0000007d bytes, compression=lzss


LINKER GENERATED HANDLER TABLE

__TI_handler_table @ 00001e98 records: 2, size/record: 4, table size: 8
	index: 0, handler: __TI_decompress_lzss
	index: 1, handler: __TI_decompress_none


GLOBAL SYMBOLS: SORTED ALPHABETICALLY BY Name 

address   name                                 
-------   ----                                 
0000168d  Application_PortFCallBackFunc        
20000264  Button1_PressedFlag                  
20000265  Button2_PressedFlag                  
000016a1  ButtonInitializations                
00001a15  C$$EXIT                              
0000189d  CallBack_GPTM                        
000002e1  EXTIAIntHandler                      
000002f1  EXTIBIntHandler                      
00000301  EXTICIntHandler                      
00000311  EXTIDIntHandler                      
00000321  EXTIEIntHandler                      
00000331  EXTIFIntHandler                      
20000248  GPIO_BIT_BAND_Registers              
0000049b  GPIO_ConfigureAlternateFunctionSelect
0000052d  GPIO_ConfigureAnalogModeSelect       
000006b1  GPIO_ConfigureCommit                 
00000621  GPIO_ConfigureDigitalEnable          
000007b9  GPIO_ConfigureInputPin               
00000a35  GPIO_ConfigureInterruptMask          
00000ac5  GPIO_ConfigureInterruptSource        
0000076f  GPIO_ConfigureOutputPin              
20000273  GPIO_ConfigurePin_PF0                
20000275  GPIO_ConfigurePin_PF1                
20000277  GPIO_ConfigurePin_PF2                
20000279  GPIO_ConfigurePin_PF3                
2000027b  GPIO_ConfigurePin_PF4                
000005c1  GPIO_ConfigurePortControl            
000009ed  GPIO_EXTIClearInterrupt              
0000097f  GPIO_EnableAFSEL_CAN                 
000008d1  GPIO_EnableAFSEL_GPTM                
0000091d  GPIO_EnableAFSEL_UART                
00001d90  GPIO_InterruptSource_ArrPtrStruct    
00000807  GPIO_ReadBitBandBits                 
000003cd  GPIO_SetData                         
0000072d  GPIO_SetInputStatus                  
00000341  GPIO_SetPinStatus                    
00001a78  GPIO_TimerAFSELConfig_ArrPtrStruct   
00000897  GPIO_ToggleBitBandBits               
00000459  GPIO_TogglePinValue                  
00000831  GPIO_WriteBitBandBits                
00001de7  GPTM_Config_32BitTimer0A             
00001deb  GPTM_Config_32BitTimer0B             
00001def  GPTM_Config_32BitTimer1A             
00001df3  GPTM_Config_32BitTimer1B             
00001df7  GPTM_Config_32BitTimer2A             
00001dfb  GPTM_Config_32BitTimer2B             
00001dff  GPTM_Config_32BitTimer3A             
00001e03  GPTM_Config_32BitTimer3B             
00001e07  GPTM_Config_32BitTimer4A             
00001e0b  GPTM_Config_32BitTimer4B             
00001e0f  GPTM_Config_32BitTimer5A             
00001e13  GPTM_Config_32BitTimer5B             
20000200  GPTM_Config_ArrPtrStruct             
00001025  GPTM_GenerateDelay                   
000010d5  GPTM_GenerateDelay_Interrupt         
00000eb9  GPTM_GeneratePWM                     
00000f65  GPTM_InitializeDelayMode             
00000da7  GPTM_InitializePWM                   
00000d91  GPTM_RegisterCallbackFunction        
00000d81  GPTM_WideSubTimer0A_Handler          
00000da1  GPTM_WideSubTimer0B_Handler          
00000da3  GPTM_WideSubTimer1A_Handler          
00000da5  GPTM_WideSubTimer1B_Handler          
0000117b  GPTM_WideSubTimerA_ClearInterrupt    
20000267  InterruptSourceFallingEdge           
2000026a  InterruptSourceFallingLevel          
2000026d  InterruptSourceRisingEdge            
20000270  InterruptSourceRisingLevel           
000018ad  Led_InitializeAllLeds                
000018e3  Leds_ToggleRedLed                    
000012b9  NVIC_AssignPriority                  
000011e5  NVIC_Clear_Interrupt                 
00001255  NVIC_Clear_Pending                   
000011ad  NVIC_Enable_Interrupt                
0000128d  NVIC_SetPriorityGrouping             
0000121d  NVIC_Set_Pending                     
000016c3  ReadButtonState                      
20000266  RedLedState                          
00000c77  RegisterCallbackFunction             
00001a05  ResetISR                             
00001625  SC_ADC_ClkIntialization              
00001641  SC_CAN_ClkIntialization              
000015f7  SC_GetPWMFrequency                   
0000155b  SC_GetSystemClock                    
0000143b  SC_Initialization                    
000015c3  SC_PWMClkIntialization               
00001ddf  SC_PWMDIV                            
00001dd0  SC_SYSDIV                            
00001e17  Timer0A_32_64Bit                     
00001e1a  Timer0B_32_64Bit                     
00001e1d  Timer1A_32_64Bit                     
00001e20  Timer1B_32_64Bit                     
00001e23  Timer2A_32_64Bit                     
00001e26  Timer2B_32_64Bit                     
00001e29  Timer3A_32_64Bit                     
00001e2c  Timer3B_32_64Bit                     
00001e2f  Timer4A_32_64Bit                     
00001e32  Timer4B_32_64Bit                     
00001e35  Timer5A_32_64Bit                     
00001e38  Timer5B_32_64Bit                     
20000200  __STACK_END                          
00000200  __STACK_SIZE                         
20000200  __STACK_TOP                          
00001ea0  __TI_CINIT_Base                      
00001ea8  __TI_CINIT_Limit                     
00001e98  __TI_Handler_Table_Base              
00001ea0  __TI_Handler_Table_Limit             
00001971  __TI_auto_init_nobinit_nopinit       
00001909  __TI_decompress_lzss                 
000019e9  __TI_decompress_none                 
ffffffff  __TI_pprof_out_hndl                  
ffffffff  __TI_prof_data_size                  
ffffffff  __TI_prof_data_start                 
00000000  __TI_static_base__                   
0000189b  __aeabi_idiv0                        
0000189b  __aeabi_ldiv0                        
00001769  __aeabi_memcpy                       
00001769  __aeabi_memcpy4                      
00001769  __aeabi_memcpy8                      
00001805  __aeabi_uldivmod                     
ffffffff  __binit__                            
ffffffff  __c_args__                           
UNDEFED   __mpu_init                           
20000000  __stack                              
20000000  __start___llvm_prf_cnts              
20000000  __stop___llvm_prf_cnts               
000019b5  _c_int00_noargs                      
UNDEFED   _system_post_cinit                   
00001a11  _system_pre_init                     
00001a15  abort                                
ffffffff  binit                                
00000000  g_pfnVectors                         
000019f7  main                                 
00001769  memcpy                               


GLOBAL SYMBOLS: SORTED BY Symbol Address 

address   name                                 
-------   ----                                 
00000000  __TI_static_base__                   
00000000  g_pfnVectors                         
00000200  __STACK_SIZE                         
000002e1  EXTIAIntHandler                      
000002f1  EXTIBIntHandler                      
00000301  EXTICIntHandler                      
00000311  EXTIDIntHandler                      
00000321  EXTIEIntHandler                      
00000331  EXTIFIntHandler                      
00000341  GPIO_SetPinStatus                    
000003cd  GPIO_SetData                         
00000459  GPIO_TogglePinValue                  
0000049b  GPIO_ConfigureAlternateFunctionSelect
0000052d  GPIO_ConfigureAnalogModeSelect       
000005c1  GPIO_ConfigurePortControl            
00000621  GPIO_ConfigureDigitalEnable          
000006b1  GPIO_ConfigureCommit                 
0000072d  GPIO_SetInputStatus                  
0000076f  GPIO_ConfigureOutputPin              
000007b9  GPIO_ConfigureInputPin               
00000807  GPIO_ReadBitBandBits                 
00000831  GPIO_WriteBitBandBits                
00000897  GPIO_ToggleBitBandBits               
000008d1  GPIO_EnableAFSEL_GPTM                
0000091d  GPIO_EnableAFSEL_UART                
0000097f  GPIO_EnableAFSEL_CAN                 
000009ed  GPIO_EXTIClearInterrupt              
00000a35  GPIO_ConfigureInterruptMask          
00000ac5  GPIO_ConfigureInterruptSource        
00000c77  RegisterCallbackFunction             
00000d81  GPTM_WideSubTimer0A_Handler          
00000d91  GPTM_RegisterCallbackFunction        
00000da1  GPTM_WideSubTimer0B_Handler          
00000da3  GPTM_WideSubTimer1A_Handler          
00000da5  GPTM_WideSubTimer1B_Handler          
00000da7  GPTM_InitializePWM                   
00000eb9  GPTM_GeneratePWM                     
00000f65  GPTM_InitializeDelayMode             
00001025  GPTM_GenerateDelay                   
000010d5  GPTM_GenerateDelay_Interrupt         
0000117b  GPTM_WideSubTimerA_ClearInterrupt    
000011ad  NVIC_Enable_Interrupt                
000011e5  NVIC_Clear_Interrupt                 
0000121d  NVIC_Set_Pending                     
00001255  NVIC_Clear_Pending                   
0000128d  NVIC_SetPriorityGrouping             
000012b9  NVIC_AssignPriority                  
0000143b  SC_Initialization                    
0000155b  SC_GetSystemClock                    
000015c3  SC_PWMClkIntialization               
000015f7  SC_GetPWMFrequency                   
00001625  SC_ADC_ClkIntialization              
00001641  SC_CAN_ClkIntialization              
0000168d  Application_PortFCallBackFunc        
000016a1  ButtonInitializations                
000016c3  ReadButtonState                      
00001769  __aeabi_memcpy                       
00001769  __aeabi_memcpy4                      
00001769  __aeabi_memcpy8                      
00001769  memcpy                               
00001805  __aeabi_uldivmod                     
0000189b  __aeabi_idiv0                        
0000189b  __aeabi_ldiv0                        
0000189d  CallBack_GPTM                        
000018ad  Led_InitializeAllLeds                
000018e3  Leds_ToggleRedLed                    
00001909  __TI_decompress_lzss                 
00001971  __TI_auto_init_nobinit_nopinit       
000019b5  _c_int00_noargs                      
000019e9  __TI_decompress_none                 
000019f7  main                                 
00001a05  ResetISR                             
00001a11  _system_pre_init                     
00001a15  C$$EXIT                              
00001a15  abort                                
00001a78  GPIO_TimerAFSELConfig_ArrPtrStruct   
00001d90  GPIO_InterruptSource_ArrPtrStruct    
00001dd0  SC_SYSDIV                            
00001ddf  SC_PWMDIV                            
00001de7  GPTM_Config_32BitTimer0A             
00001deb  GPTM_Config_32BitTimer0B             
00001def  GPTM_Config_32BitTimer1A             
00001df3  GPTM_Config_32BitTimer1B             
00001df7  GPTM_Config_32BitTimer2A             
00001dfb  GPTM_Config_32BitTimer2B             
00001dff  GPTM_Config_32BitTimer3A             
00001e03  GPTM_Config_32BitTimer3B             
00001e07  GPTM_Config_32BitTimer4A             
00001e0b  GPTM_Config_32BitTimer4B             
00001e0f  GPTM_Config_32BitTimer5A             
00001e13  GPTM_Config_32BitTimer5B             
00001e17  Timer0A_32_64Bit                     
00001e1a  Timer0B_32_64Bit                     
00001e1d  Timer1A_32_64Bit                     
00001e20  Timer1B_32_64Bit                     
00001e23  Timer2A_32_64Bit                     
00001e26  Timer2B_32_64Bit                     
00001e29  Timer3A_32_64Bit                     
00001e2c  Timer3B_32_64Bit                     
00001e2f  Timer4A_32_64Bit                     
00001e32  Timer4B_32_64Bit                     
00001e35  Timer5A_32_64Bit                     
00001e38  Timer5B_32_64Bit                     
00001e98  __TI_Handler_Table_Base              
00001ea0  __TI_CINIT_Base                      
00001ea0  __TI_Handler_Table_Limit             
00001ea8  __TI_CINIT_Limit                     
20000000  __stack                              
20000000  __start___llvm_prf_cnts              
20000000  __stop___llvm_prf_cnts               
20000200  GPTM_Config_ArrPtrStruct             
20000200  __STACK_END                          
20000200  __STACK_TOP                          
20000248  GPIO_BIT_BAND_Registers              
20000264  Button1_PressedFlag                  
20000265  Button2_PressedFlag                  
20000266  RedLedState                          
20000267  InterruptSourceFallingEdge           
2000026a  InterruptSourceFallingLevel          
2000026d  InterruptSourceRisingEdge            
20000270  InterruptSourceRisingLevel           
20000273  GPIO_ConfigurePin_PF0                
20000275  GPIO_ConfigurePin_PF1                
20000277  GPIO_ConfigurePin_PF2                
20000279  GPIO_ConfigurePin_PF3                
2000027b  GPIO_ConfigurePin_PF4                
ffffffff  __TI_pprof_out_hndl                  
ffffffff  __TI_prof_data_size                  
ffffffff  __TI_prof_data_start                 
ffffffff  __binit__                            
ffffffff  __c_args__                           
ffffffff  binit                                
UNDEFED   __mpu_init                           
UNDEFED   _system_post_cinit                   

[134 symbols]
