<?xml version="1.0" encoding="ISO-8859-1" ?>
<link_info>
   <banner>TI ARM Linker PC v20.2.7.LTS</banner>
   <copyright>Copyright (c) 1996-2018 Texas Instruments Incorporated</copyright>
   <link_time>0x64f7804a</link_time>
   <link_errors>0x0</link_errors>
   <output_file>DemoProject_WithCallBackFunc.out</output_file>
   <entry_point>
      <name>_c_int00_noargs</name>
      <address>0x19b5</address>
   </entry_point>
   <input_file_list>
      <input_file id="fl-2">
         <path>.\</path>
         <kind>object</kind>
         <file>Button.obj</file>
         <name>Button.obj</name>
      </input_file>
      <input_file id="fl-3">
         <path>.\</path>
         <kind>object</kind>
         <file>GPIO.obj</file>
         <name>GPIO.obj</name>
      </input_file>
      <input_file id="fl-4">
         <path>.\</path>
         <kind>object</kind>
         <file>GPIO_config.obj</file>
         <name>GPIO_config.obj</name>
      </input_file>
      <input_file id="fl-5">
         <path>.\</path>
         <kind>object</kind>
         <file>GPTM.obj</file>
         <name>GPTM.obj</name>
      </input_file>
      <input_file id="fl-6">
         <path>.\</path>
         <kind>object</kind>
         <file>GPTM_config.obj</file>
         <name>GPTM_config.obj</name>
      </input_file>
      <input_file id="fl-7">
         <path>.\</path>
         <kind>object</kind>
         <file>Led.obj</file>
         <name>Led.obj</name>
      </input_file>
      <input_file id="fl-8">
         <path>.\</path>
         <kind>object</kind>
         <file>NVIC.obj</file>
         <name>NVIC.obj</name>
      </input_file>
      <input_file id="fl-9">
         <path>.\</path>
         <kind>object</kind>
         <file>SystemControl.obj</file>
         <name>SystemControl.obj</name>
      </input_file>
      <input_file id="fl-a">
         <path>.\</path>
         <kind>object</kind>
         <file>SystemControl_Config.obj</file>
         <name>SystemControl_Config.obj</name>
      </input_file>
      <input_file id="fl-b">
         <path>.\</path>
         <kind>object</kind>
         <file>main.obj</file>
         <name>main.obj</name>
      </input_file>
      <input_file id="fl-c">
         <path>.\</path>
         <kind>object</kind>
         <file>tm4c123gh6pm_startup_ccs.obj</file>
         <name>tm4c123gh6pm_startup_ccs.obj</name>
      </input_file>
      <input_file id="fl-10">
         <kind>object</kind>
         <file>&lt;internal&gt;</file>
         <name>&lt;internal&gt;</name>
      </input_file>
      <input_file id="fl-c6">
         <path>D:\CodeComposer\ccs\tools\compiler\ti-cgt-arm_20.2.7.LTS\lib\</path>
         <kind>archive</kind>
         <file>rtsv7M4_T_le_v4SPD16_eabi.lib</file>
         <name>ull_div_t2.asm.obj</name>
      </input_file>
      <input_file id="fl-c7">
         <path>D:\CodeComposer\ccs\tools\compiler\ti-cgt-arm_20.2.7.LTS\lib\</path>
         <kind>archive</kind>
         <file>rtsv7M4_T_le_v4SPD16_eabi.lib</file>
         <name>copy_zero_init.c.obj</name>
      </input_file>
      <input_file id="fl-c8">
         <path>D:\CodeComposer\ccs\tools\compiler\ti-cgt-arm_20.2.7.LTS\lib\</path>
         <kind>archive</kind>
         <file>rtsv7M4_T_le_v4SPD16_eabi.lib</file>
         <name>copy_decompress_none.c.obj</name>
      </input_file>
      <input_file id="fl-c9">
         <path>D:\CodeComposer\ccs\tools\compiler\ti-cgt-arm_20.2.7.LTS\lib\</path>
         <kind>archive</kind>
         <file>rtsv7M4_T_le_v4SPD16_eabi.lib</file>
         <name>copy_decompress_lzss.c.obj</name>
      </input_file>
      <input_file id="fl-ca">
         <path>D:\CodeComposer\ccs\tools\compiler\ti-cgt-arm_20.2.7.LTS\lib\</path>
         <kind>archive</kind>
         <file>rtsv7M4_T_le_v4SPD16_eabi.lib</file>
         <name>boot_cortex_m.c.obj</name>
      </input_file>
      <input_file id="fl-cb">
         <path>D:\CodeComposer\ccs\tools\compiler\ti-cgt-arm_20.2.7.LTS\lib\</path>
         <kind>archive</kind>
         <file>rtsv7M4_T_le_v4SPD16_eabi.lib</file>
         <name>div0.asm.obj</name>
      </input_file>
      <input_file id="fl-cc">
         <path>D:\CodeComposer\ccs\tools\compiler\ti-cgt-arm_20.2.7.LTS\lib\</path>
         <kind>archive</kind>
         <file>rtsv7M4_T_le_v4SPD16_eabi.lib</file>
         <name>memcpy_t2.asm.obj</name>
      </input_file>
      <input_file id="fl-cd">
         <path>D:\CodeComposer\ccs\tools\compiler\ti-cgt-arm_20.2.7.LTS\lib\</path>
         <kind>archive</kind>
         <file>rtsv7M4_T_le_v4SPD16_eabi.lib</file>
         <name>memset_t2.asm.obj</name>
      </input_file>
      <input_file id="fl-ce">
         <path>D:\CodeComposer\ccs\tools\compiler\ti-cgt-arm_20.2.7.LTS\lib\</path>
         <kind>archive</kind>
         <file>rtsv7M4_T_le_v4SPD16_eabi.lib</file>
         <name>autoinit.c.obj</name>
      </input_file>
      <input_file id="fl-cf">
         <path>D:\CodeComposer\ccs\tools\compiler\ti-cgt-arm_20.2.7.LTS\lib\</path>
         <kind>archive</kind>
         <file>rtsv7M4_T_le_v4SPD16_eabi.lib</file>
         <name>pre_init.c.obj</name>
      </input_file>
      <input_file id="fl-d0">
         <path>D:\CodeComposer\ccs\tools\compiler\ti-cgt-arm_20.2.7.LTS\lib\</path>
         <kind>archive</kind>
         <file>rtsv7M4_T_le_v4SPD16_eabi.lib</file>
         <name>cpy_tbl.c.obj</name>
      </input_file>
      <input_file id="fl-d1">
         <path>D:\CodeComposer\ccs\tools\compiler\ti-cgt-arm_20.2.7.LTS\lib\</path>
         <kind>archive</kind>
         <file>rtsv7M4_T_le_v4SPD16_eabi.lib</file>
         <name>exit.c.obj</name>
      </input_file>
      <input_file id="fl-d2">
         <path>D:\CodeComposer\ccs\tools\compiler\ti-cgt-arm_20.2.7.LTS\lib\</path>
         <kind>archive</kind>
         <file>rtsv7M4_T_le_v4SPD16_eabi.lib</file>
         <name>_lock.c.obj</name>
      </input_file>
      <input_file id="fl-d3">
         <path>D:\CodeComposer\ccs\tools\compiler\ti-cgt-arm_20.2.7.LTS\lib\</path>
         <kind>archive</kind>
         <file>rtsv7M4_T_le_v4SPD16_eabi.lib</file>
         <name>args_main.c.obj</name>
      </input_file>
   </input_file_list>
   <object_component_list>
      <object_component id="oc-12">
         <name>.intvecs</name>
         <load_address>0x0</load_address>
         <run_address>0x0</run_address>
         <size>0x26c</size>
         <input_file_ref idref="fl-c"/>
      </object_component>
      <object_component id="oc-2d">
         <name>.text</name>
         <load_address>0x26c</load_address>
         <run_address>0x26c</run_address>
         <size>0xa44</size>
         <input_file_ref idref="fl-3"/>
      </object_component>
      <object_component id="oc-33">
         <name>.text</name>
         <load_address>0xcb0</load_address>
         <run_address>0xcb0</run_address>
         <size>0x4fc</size>
         <input_file_ref idref="fl-5"/>
      </object_component>
      <object_component id="oc-9b">
         <name>.text</name>
         <load_address>0x11ac</load_address>
         <run_address>0x11ac</run_address>
         <size>0x274</size>
         <input_file_ref idref="fl-8"/>
      </object_component>
      <object_component id="oc-c2">
         <name>.text</name>
         <load_address>0x1420</load_address>
         <run_address>0x1420</run_address>
         <size>0x26c</size>
         <input_file_ref idref="fl-9"/>
      </object_component>
      <object_component id="oc-1d2">
         <name>.text</name>
         <load_address>0x168c</load_address>
         <run_address>0x168c</run_address>
         <size>0xdc</size>
         <input_file_ref idref="fl-2"/>
      </object_component>
      <object_component id="oc-47">
         <name>.text</name>
         <load_address>0x1768</load_address>
         <run_address>0x1768</run_address>
         <size>0x9c</size>
         <input_file_ref idref="fl-cc"/>
      </object_component>
      <object_component id="oc-c8">
         <name>.text</name>
         <load_address>0x1804</load_address>
         <run_address>0x1804</run_address>
         <size>0x96</size>
         <input_file_ref idref="fl-c6"/>
      </object_component>
      <object_component id="oc-18f">
         <name>.text</name>
         <load_address>0x189a</load_address>
         <run_address>0x189a</run_address>
         <size>0x2</size>
         <input_file_ref idref="fl-cb"/>
      </object_component>
      <object_component id="oc-1cc">
         <name>.text</name>
         <load_address>0x189c</load_address>
         <run_address>0x189c</run_address>
         <size>0x6c</size>
         <input_file_ref idref="fl-7"/>
      </object_component>
      <object_component id="oc-15">
         <name>.text:decompress:lzss:__TI_decompress_lzss</name>
         <load_address>0x1908</load_address>
         <run_address>0x1908</run_address>
         <size>0x68</size>
         <input_file_ref idref="fl-c9"/>
      </object_component>
      <object_component id="oc-1e5">
         <name>.text:__TI_auto_init_nobinit_nopinit:__TI_auto_init_nobinit_nopinit</name>
         <load_address>0x1970</load_address>
         <run_address>0x1970</run_address>
         <size>0x44</size>
         <input_file_ref idref="fl-ce"/>
      </object_component>
      <object_component id="oc-65">
         <name>.text:_c_int00_noargs:_c_int00_noargs</name>
         <load_address>0x19b4</load_address>
         <run_address>0x19b4</run_address>
         <size>0x34</size>
         <input_file_ref idref="fl-ca"/>
      </object_component>
      <object_component id="oc-1b">
         <name>.text:decompress:none:__TI_decompress_none</name>
         <load_address>0x19e8</load_address>
         <run_address>0x19e8</run_address>
         <size>0xe</size>
         <input_file_ref idref="fl-c8"/>
      </object_component>
      <object_component id="oc-122">
         <name>.text</name>
         <load_address>0x19f6</load_address>
         <run_address>0x19f6</run_address>
         <size>0xe</size>
         <input_file_ref idref="fl-b"/>
      </object_component>
      <object_component id="oc-27">
         <name>.text</name>
         <load_address>0x1a04</load_address>
         <run_address>0x1a04</run_address>
         <size>0xc</size>
         <input_file_ref idref="fl-c"/>
      </object_component>
      <object_component id="oc-11c">
         <name>.text:_system_pre_init</name>
         <load_address>0x1a10</load_address>
         <run_address>0x1a10</run_address>
         <size>0x4</size>
         <input_file_ref idref="fl-cf"/>
      </object_component>
      <object_component id="oc-1d9">
         <name>.text:abort:abort</name>
         <load_address>0x1a14</load_address>
         <run_address>0x1a14</run_address>
         <size>0x4</size>
         <input_file_ref idref="fl-d1"/>
      </object_component>
      <object_component id="oc-d6">
         <name>.const:GPTM_TimerMode</name>
         <load_address>0x1a18</load_address>
         <run_address>0x1a18</run_address>
         <size>0x60</size>
         <input_file_ref idref="fl-5"/>
      </object_component>
      <object_component id="oc-23e">
         <name>.const:GPIO_TimerAFSELConfig_ArrPtrStruct</name>
         <load_address>0x1a78</load_address>
         <run_address>0x1a78</run_address>
         <size>0x30</size>
         <input_file_ref idref="fl-4"/>
      </object_component>
      <object_component id="oc-d3">
         <name>.const:GPTM_ConfigurationRegisters</name>
         <load_address>0x1aa8</load_address>
         <run_address>0x1aa8</run_address>
         <size>0x30</size>
         <input_file_ref idref="fl-5"/>
      </object_component>
      <object_component id="oc-cd">
         <name>.const:GPTM_Control</name>
         <load_address>0x1ad8</load_address>
         <run_address>0x1ad8</run_address>
         <size>0x30</size>
         <input_file_ref idref="fl-5"/>
      </object_component>
      <object_component id="oc-e8">
         <name>.const:GPTM_ICRRegisters</name>
         <load_address>0x1b08</load_address>
         <run_address>0x1b08</run_address>
         <size>0x30</size>
         <input_file_ref idref="fl-5"/>
      </object_component>
      <object_component id="oc-eb">
         <name>.const:GPTM_IMRRegisters</name>
         <load_address>0x1b38</load_address>
         <run_address>0x1b38</run_address>
         <size>0x30</size>
         <input_file_ref idref="fl-5"/>
      </object_component>
      <object_component id="oc-e5">
         <name>.const:GPTM_RISRegisters</name>
         <load_address>0x1b68</load_address>
         <run_address>0x1b68</run_address>
         <size>0x30</size>
         <input_file_ref idref="fl-5"/>
      </object_component>
      <object_component id="oc-156">
         <name>.const:Interrupt_Priority_Register</name>
         <load_address>0x1b98</load_address>
         <run_address>0x1b98</run_address>
         <size>0x20</size>
         <input_file_ref idref="fl-8"/>
      </object_component>
      <object_component id="oc-83">
         <name>.const:GPIO_AlternateFunctionSelect_Registers</name>
         <load_address>0x1bb8</load_address>
         <run_address>0x1bb8</run_address>
         <size>0x18</size>
         <input_file_ref idref="fl-3"/>
      </object_component>
      <object_component id="oc-86">
         <name>.const:GPIO_AnalogModeSelect_Registers</name>
         <load_address>0x1bd0</load_address>
         <run_address>0x1bd0</run_address>
         <size>0x18</size>
         <input_file_ref idref="fl-3"/>
      </object_component>
      <object_component id="oc-80">
         <name>.const:GPIO_Data_Registers</name>
         <load_address>0x1be8</load_address>
         <run_address>0x1be8</run_address>
         <size>0x18</size>
         <input_file_ref idref="fl-3"/>
      </object_component>
      <object_component id="oc-8c">
         <name>.const:GPIO_DigitalEnable_Registers</name>
         <load_address>0x1c00</load_address>
         <run_address>0x1c00</run_address>
         <size>0x18</size>
         <input_file_ref idref="fl-3"/>
      </object_component>
      <object_component id="oc-7d">
         <name>.const:GPIO_Direction_Registers</name>
         <load_address>0x1c18</load_address>
         <run_address>0x1c18</run_address>
         <size>0x18</size>
         <input_file_ref idref="fl-3"/>
      </object_component>
      <object_component id="oc-ad">
         <name>.const:GPIO_InterruptBothEdges_Registers</name>
         <load_address>0x1c30</load_address>
         <run_address>0x1c30</run_address>
         <size>0x18</size>
         <input_file_ref idref="fl-3"/>
      </object_component>
      <object_component id="oc-a1">
         <name>.const:GPIO_InterruptClear_Registers</name>
         <load_address>0x1c48</load_address>
         <run_address>0x1c48</run_address>
         <size>0x18</size>
         <input_file_ref idref="fl-3"/>
      </object_component>
      <object_component id="oc-b0">
         <name>.const:GPIO_InterruptEvent_Registers</name>
         <load_address>0x1c60</load_address>
         <run_address>0x1c60</run_address>
         <size>0x18</size>
         <input_file_ref idref="fl-3"/>
      </object_component>
      <object_component id="oc-a4">
         <name>.const:GPIO_InterruptMask_Registers</name>
         <load_address>0x1c78</load_address>
         <run_address>0x1c78</run_address>
         <size>0x18</size>
         <input_file_ref idref="fl-3"/>
      </object_component>
      <object_component id="oc-a7">
         <name>.const:GPIO_InterruptSense_Registers</name>
         <load_address>0x1c90</load_address>
         <run_address>0x1c90</run_address>
         <size>0x18</size>
         <input_file_ref idref="fl-3"/>
      </object_component>
      <object_component id="oc-8f">
         <name>.const:GPIO_LOCK_Registers</name>
         <load_address>0x1ca8</load_address>
         <run_address>0x1ca8</run_address>
         <size>0x18</size>
         <input_file_ref idref="fl-3"/>
      </object_component>
      <object_component id="oc-b3">
         <name>.const:GPIO_NVICInterruptNum</name>
         <load_address>0x1cc0</load_address>
         <run_address>0x1cc0</run_address>
         <size>0x18</size>
         <input_file_ref idref="fl-3"/>
      </object_component>
      <object_component id="oc-89">
         <name>.const:GPIO_PortControl_Registers</name>
         <load_address>0x1cd8</load_address>
         <run_address>0x1cd8</run_address>
         <size>0x18</size>
         <input_file_ref idref="fl-3"/>
      </object_component>
      <object_component id="oc-92">
         <name>.const:GPIO_Port_Commit</name>
         <load_address>0x1cf0</load_address>
         <run_address>0x1cf0</run_address>
         <size>0x18</size>
         <input_file_ref idref="fl-3"/>
      </object_component>
      <object_component id="oc-95">
         <name>.const:GPIO_PullUp_Registers</name>
         <load_address>0x1d08</load_address>
         <run_address>0x1d08</run_address>
         <size>0x18</size>
         <input_file_ref idref="fl-3"/>
      </object_component>
      <object_component id="oc-df">
         <name>.const:GPTM_32BitTimerB_IntervalLoad</name>
         <load_address>0x1d20</load_address>
         <run_address>0x1d20</run_address>
         <size>0x18</size>
         <input_file_ref idref="fl-5"/>
      </object_component>
      <object_component id="oc-e2">
         <name>.const:GPTM_32BitTimerB_Match</name>
         <load_address>0x1d38</load_address>
         <run_address>0x1d38</run_address>
         <size>0x18</size>
         <input_file_ref idref="fl-5"/>
      </object_component>
      <object_component id="oc-d9">
         <name>.const:GPTM_32_64_BitTimerA_IntervalLoad</name>
         <load_address>0x1d50</load_address>
         <run_address>0x1d50</run_address>
         <size>0x18</size>
         <input_file_ref idref="fl-5"/>
      </object_component>
      <object_component id="oc-dc">
         <name>.const:GPTM_32_64_BitTimerA_Match</name>
         <load_address>0x1d68</load_address>
         <run_address>0x1d68</run_address>
         <size>0x18</size>
         <input_file_ref idref="fl-5"/>
      </object_component>
      <object_component id="oc-153">
         <name>.const:Clear_Pending_Register</name>
         <load_address>0x1d80</load_address>
         <run_address>0x1d80</run_address>
         <size>0x10</size>
         <input_file_ref idref="fl-8"/>
      </object_component>
      <object_component id="oc-aa">
         <name>.const:GPIO_InterruptSource_ArrPtrStruct</name>
         <load_address>0x1d90</load_address>
         <run_address>0x1d90</run_address>
         <size>0x10</size>
         <input_file_ref idref="fl-4"/>
      </object_component>
      <object_component id="oc-14d">
         <name>.const:Interrupt_Clear_Registers</name>
         <load_address>0x1da0</load_address>
         <run_address>0x1da0</run_address>
         <size>0x10</size>
         <input_file_ref idref="fl-8"/>
      </object_component>
      <object_component id="oc-14a">
         <name>.const:Interrupt_Enable_Registers</name>
         <load_address>0x1db0</load_address>
         <run_address>0x1db0</run_address>
         <size>0x10</size>
         <input_file_ref idref="fl-8"/>
      </object_component>
      <object_component id="oc-150">
         <name>.const:Set_Pending_Register</name>
         <load_address>0x1dc0</load_address>
         <run_address>0x1dc0</run_address>
         <size>0x10</size>
         <input_file_ref idref="fl-8"/>
      </object_component>
      <object_component id="oc-182">
         <name>.const:.string:SC_SYSDIV</name>
         <load_address>0x1dd0</load_address>
         <run_address>0x1dd0</run_address>
         <size>0xf</size>
         <input_file_ref idref="fl-9"/>
      </object_component>
      <object_component id="oc-185">
         <name>.const:.string:SC_PWMDIV</name>
         <load_address>0x1ddf</load_address>
         <run_address>0x1ddf</run_address>
         <size>0x8</size>
         <input_file_ref idref="fl-9"/>
      </object_component>
      <object_component id="oc-2a2">
         <name>.const:GPTM_Config_32BitTimer0A</name>
         <load_address>0x1de7</load_address>
         <run_address>0x1de7</run_address>
         <size>0x4</size>
         <input_file_ref idref="fl-6"/>
      </object_component>
      <object_component id="oc-2a5">
         <name>.const:GPTM_Config_32BitTimer0B</name>
         <load_address>0x1deb</load_address>
         <run_address>0x1deb</run_address>
         <size>0x4</size>
         <input_file_ref idref="fl-6"/>
      </object_component>
      <object_component id="oc-2a8">
         <name>.const:GPTM_Config_32BitTimer1A</name>
         <load_address>0x1def</load_address>
         <run_address>0x1def</run_address>
         <size>0x4</size>
         <input_file_ref idref="fl-6"/>
      </object_component>
      <object_component id="oc-2ab">
         <name>.const:GPTM_Config_32BitTimer1B</name>
         <load_address>0x1df3</load_address>
         <run_address>0x1df3</run_address>
         <size>0x4</size>
         <input_file_ref idref="fl-6"/>
      </object_component>
      <object_component id="oc-2ae">
         <name>.const:GPTM_Config_32BitTimer2A</name>
         <load_address>0x1df7</load_address>
         <run_address>0x1df7</run_address>
         <size>0x4</size>
         <input_file_ref idref="fl-6"/>
      </object_component>
      <object_component id="oc-2b1">
         <name>.const:GPTM_Config_32BitTimer2B</name>
         <load_address>0x1dfb</load_address>
         <run_address>0x1dfb</run_address>
         <size>0x4</size>
         <input_file_ref idref="fl-6"/>
      </object_component>
      <object_component id="oc-2b4">
         <name>.const:GPTM_Config_32BitTimer3A</name>
         <load_address>0x1dff</load_address>
         <run_address>0x1dff</run_address>
         <size>0x4</size>
         <input_file_ref idref="fl-6"/>
      </object_component>
      <object_component id="oc-2b7">
         <name>.const:GPTM_Config_32BitTimer3B</name>
         <load_address>0x1e03</load_address>
         <run_address>0x1e03</run_address>
         <size>0x4</size>
         <input_file_ref idref="fl-6"/>
      </object_component>
      <object_component id="oc-2ba">
         <name>.const:GPTM_Config_32BitTimer4A</name>
         <load_address>0x1e07</load_address>
         <run_address>0x1e07</run_address>
         <size>0x4</size>
         <input_file_ref idref="fl-6"/>
      </object_component>
      <object_component id="oc-2bd">
         <name>.const:GPTM_Config_32BitTimer4B</name>
         <load_address>0x1e0b</load_address>
         <run_address>0x1e0b</run_address>
         <size>0x4</size>
         <input_file_ref idref="fl-6"/>
      </object_component>
      <object_component id="oc-2c0">
         <name>.const:GPTM_Config_32BitTimer5A</name>
         <load_address>0x1e0f</load_address>
         <run_address>0x1e0f</run_address>
         <size>0x4</size>
         <input_file_ref idref="fl-6"/>
      </object_component>
      <object_component id="oc-2c3">
         <name>.const:GPTM_Config_32BitTimer5B</name>
         <load_address>0x1e13</load_address>
         <run_address>0x1e13</run_address>
         <size>0x4</size>
         <input_file_ref idref="fl-6"/>
      </object_component>
      <object_component id="oc-27c">
         <name>.const:Timer0A_32_64Bit</name>
         <load_address>0x1e17</load_address>
         <run_address>0x1e17</run_address>
         <size>0x3</size>
         <input_file_ref idref="fl-4"/>
      </object_component>
      <object_component id="oc-27f">
         <name>.const:Timer0B_32_64Bit</name>
         <load_address>0x1e1a</load_address>
         <run_address>0x1e1a</run_address>
         <size>0x3</size>
         <input_file_ref idref="fl-4"/>
      </object_component>
      <object_component id="oc-282">
         <name>.const:Timer1A_32_64Bit</name>
         <load_address>0x1e1d</load_address>
         <run_address>0x1e1d</run_address>
         <size>0x3</size>
         <input_file_ref idref="fl-4"/>
      </object_component>
      <object_component id="oc-285">
         <name>.const:Timer1B_32_64Bit</name>
         <load_address>0x1e20</load_address>
         <run_address>0x1e20</run_address>
         <size>0x3</size>
         <input_file_ref idref="fl-4"/>
      </object_component>
      <object_component id="oc-288">
         <name>.const:Timer2A_32_64Bit</name>
         <load_address>0x1e23</load_address>
         <run_address>0x1e23</run_address>
         <size>0x3</size>
         <input_file_ref idref="fl-4"/>
      </object_component>
      <object_component id="oc-28b">
         <name>.const:Timer2B_32_64Bit</name>
         <load_address>0x1e26</load_address>
         <run_address>0x1e26</run_address>
         <size>0x3</size>
         <input_file_ref idref="fl-4"/>
      </object_component>
      <object_component id="oc-28e">
         <name>.const:Timer3A_32_64Bit</name>
         <load_address>0x1e29</load_address>
         <run_address>0x1e29</run_address>
         <size>0x3</size>
         <input_file_ref idref="fl-4"/>
      </object_component>
      <object_component id="oc-291">
         <name>.const:Timer3B_32_64Bit</name>
         <load_address>0x1e2c</load_address>
         <run_address>0x1e2c</run_address>
         <size>0x3</size>
         <input_file_ref idref="fl-4"/>
      </object_component>
      <object_component id="oc-294">
         <name>.const:Timer4A_32_64Bit</name>
         <load_address>0x1e2f</load_address>
         <run_address>0x1e2f</run_address>
         <size>0x3</size>
         <input_file_ref idref="fl-4"/>
      </object_component>
      <object_component id="oc-297">
         <name>.const:Timer4B_32_64Bit</name>
         <load_address>0x1e32</load_address>
         <run_address>0x1e32</run_address>
         <size>0x3</size>
         <input_file_ref idref="fl-4"/>
      </object_component>
      <object_component id="oc-29a">
         <name>.const:Timer5A_32_64Bit</name>
         <load_address>0x1e35</load_address>
         <run_address>0x1e35</run_address>
         <size>0x3</size>
         <input_file_ref idref="fl-4"/>
      </object_component>
      <object_component id="oc-29d">
         <name>.const:Timer5B_32_64Bit</name>
         <load_address>0x1e38</load_address>
         <run_address>0x1e38</run_address>
         <size>0x3</size>
         <input_file_ref idref="fl-4"/>
      </object_component>
      <object_component id="oc-35c">
         <name>.cinit..data.load</name>
         <load_address>0x1e40</load_address>
         <run_address>0x1e40</run_address>
         <size>0x57</size>
      </object_component>
      <object_component id="oc-35a">
         <name>__TI_handler_table</name>
         <load_address>0x1e98</load_address>
         <run_address>0x1e98</run_address>
         <size>0x8</size>
      </object_component>
      <object_component id="oc-35b">
         <name>__TI_cinit_table</name>
         <load_address>0x1ea0</load_address>
         <run_address>0x1ea0</run_address>
         <size>0x8</size>
      </object_component>
      <object_component id="oc-24b">
         <name>.data</name>
         <load_address>0x20000264</load_address>
         <run_address>0x20000264</run_address>
         <size>0x3</size>
         <input_file_ref idref="fl-2"/>
      </object_component>
      <object_component id="oc-7a">
         <name>.data:EXTI_Callback</name>
         <load_address>0x20000230</load_address>
         <run_address>0x20000230</run_address>
         <size>0x18</size>
         <input_file_ref idref="fl-3"/>
      </object_component>
      <object_component id="oc-98">
         <name>.data:GPIO_BIT_BAND_Registers</name>
         <load_address>0x20000248</load_address>
         <run_address>0x20000248</run_address>
         <size>0x18</size>
         <input_file_ref idref="fl-3"/>
      </object_component>
      <object_component id="oc-248">
         <name>.data:GPIO_ConfigurePin_PF4</name>
         <load_address>0x2000027b</load_address>
         <run_address>0x2000027b</run_address>
         <size>0x2</size>
         <input_file_ref idref="fl-4"/>
      </object_component>
      <object_component id="oc-235">
         <name>.data:GPIO_ConfigurePin_PF2</name>
         <load_address>0x20000277</load_address>
         <run_address>0x20000277</run_address>
         <size>0x2</size>
         <input_file_ref idref="fl-4"/>
      </object_component>
      <object_component id="oc-238">
         <name>.data:GPIO_ConfigurePin_PF1</name>
         <load_address>0x20000275</load_address>
         <run_address>0x20000275</run_address>
         <size>0x2</size>
         <input_file_ref idref="fl-4"/>
      </object_component>
      <object_component id="oc-245">
         <name>.data:GPIO_ConfigurePin_PF0</name>
         <load_address>0x20000273</load_address>
         <run_address>0x20000273</run_address>
         <size>0x2</size>
         <input_file_ref idref="fl-4"/>
      </object_component>
      <object_component id="oc-23b">
         <name>.data:GPIO_ConfigurePin_PF3</name>
         <load_address>0x20000279</load_address>
         <run_address>0x20000279</run_address>
         <size>0x2</size>
         <input_file_ref idref="fl-4"/>
      </object_component>
      <object_component id="oc-165">
         <name>.data:InterruptSourceRisingEdge</name>
         <load_address>0x2000026d</load_address>
         <run_address>0x2000026d</run_address>
         <size>0x3</size>
         <input_file_ref idref="fl-4"/>
      </object_component>
      <object_component id="oc-168">
         <name>.data:InterruptSourceFallingEdge</name>
         <load_address>0x20000267</load_address>
         <run_address>0x20000267</run_address>
         <size>0x3</size>
         <input_file_ref idref="fl-4"/>
      </object_component>
      <object_component id="oc-16b">
         <name>.data:InterruptSourceRisingLevel</name>
         <load_address>0x20000270</load_address>
         <run_address>0x20000270</run_address>
         <size>0x3</size>
         <input_file_ref idref="fl-4"/>
      </object_component>
      <object_component id="oc-16e">
         <name>.data:InterruptSourceFallingLevel</name>
         <load_address>0x2000026a</load_address>
         <run_address>0x2000026a</run_address>
         <size>0x3</size>
         <input_file_ref idref="fl-4"/>
      </object_component>
      <object_component id="oc-d0">
         <name>.data</name>
         <load_address>0x20000260</load_address>
         <run_address>0x20000260</run_address>
         <size>0x4</size>
         <input_file_ref idref="fl-5"/>
      </object_component>
      <object_component id="oc-241">
         <name>.data:GPTM_Config_ArrPtrStruct</name>
         <load_address>0x20000200</load_address>
         <run_address>0x20000200</run_address>
         <size>0x30</size>
         <input_file_ref idref="fl-6"/>
      </object_component>
      <object_component id="oc-24">
         <name>.stack</name>
         <uninitialized>true</uninitialized>
         <run_address>0x20000000</run_address>
         <size>0x4</size>
         <input_file_ref idref="fl-ca"/>
      </object_component>
      <object_component id="oc-35e">
         <name>.stack</name>
         <uninitialized>true</uninitialized>
         <run_address>0x20000000</run_address>
         <size>0x0</size>
      </object_component>
      <object_component id="oc-17a">
         <name>.debug_info</name>
         <load_address>0x0</load_address>
         <run_address>0x0</run_address>
         <size>0x51b</size>
         <input_file_ref idref="fl-2"/>
      </object_component>
      <object_component id="oc-24c">
         <name>.debug_info</name>
         <load_address>0x51b</load_address>
         <run_address>0x51b</run_address>
         <size>0x152</size>
         <input_file_ref idref="fl-2"/>
      </object_component>
      <object_component id="oc-1d3">
         <name>.debug_info</name>
         <load_address>0x66d</load_address>
         <run_address>0x66d</run_address>
         <size>0x38d</size>
         <input_file_ref idref="fl-2"/>
      </object_component>
      <object_component id="oc-b7">
         <name>.debug_info</name>
         <load_address>0x9fa</load_address>
         <run_address>0x9fa</run_address>
         <size>0x516</size>
         <input_file_ref idref="fl-2"/>
      </object_component>
      <object_component id="oc-ef">
         <name>.debug_info</name>
         <load_address>0xf10</load_address>
         <run_address>0xf10</run_address>
         <size>0x2b8</size>
         <input_file_ref idref="fl-2"/>
      </object_component>
      <object_component id="oc-42">
         <name>.debug_info</name>
         <load_address>0x11c8</load_address>
         <run_address>0x11c8</run_address>
         <size>0x84</size>
         <input_file_ref idref="fl-2"/>
      </object_component>
      <object_component id="oc-bd">
         <name>.debug_info</name>
         <load_address>0x124c</load_address>
         <run_address>0x124c</run_address>
         <size>0xa1</size>
         <input_file_ref idref="fl-2"/>
      </object_component>
      <object_component id="oc-bc">
         <name>.debug_info</name>
         <load_address>0x12ed</load_address>
         <run_address>0x12ed</run_address>
         <size>0x50c</size>
         <input_file_ref idref="fl-3"/>
      </object_component>
      <object_component id="oc-7b">
         <name>.debug_info</name>
         <load_address>0x17f9</load_address>
         <run_address>0x17f9</run_address>
         <size>0xe5</size>
         <input_file_ref idref="fl-3"/>
      </object_component>
      <object_component id="oc-b4">
         <name>.debug_info</name>
         <load_address>0x18de</load_address>
         <run_address>0x18de</run_address>
         <size>0xf5</size>
         <input_file_ref idref="fl-3"/>
      </object_component>
      <object_component id="oc-a8">
         <name>.debug_info</name>
         <load_address>0x19d3</load_address>
         <run_address>0x19d3</run_address>
         <size>0x106</size>
         <input_file_ref idref="fl-3"/>
      </object_component>
      <object_component id="oc-ae">
         <name>.debug_info</name>
         <load_address>0x1ad9</load_address>
         <run_address>0x1ad9</run_address>
         <size>0x10e</size>
         <input_file_ref idref="fl-3"/>
      </object_component>
      <object_component id="oc-b1">
         <name>.debug_info</name>
         <load_address>0x1be7</load_address>
         <run_address>0x1be7</run_address>
         <size>0x106</size>
         <input_file_ref idref="fl-3"/>
      </object_component>
      <object_component id="oc-a5">
         <name>.debug_info</name>
         <load_address>0x1ced</load_address>
         <run_address>0x1ced</run_address>
         <size>0x104</size>
         <input_file_ref idref="fl-3"/>
      </object_component>
      <object_component id="oc-81">
         <name>.debug_info</name>
         <load_address>0x1df1</load_address>
         <run_address>0x1df1</run_address>
         <size>0xf2</size>
         <input_file_ref idref="fl-3"/>
      </object_component>
      <object_component id="oc-7e">
         <name>.debug_info</name>
         <load_address>0x1ee3</load_address>
         <run_address>0x1ee3</run_address>
         <size>0xfc</size>
         <input_file_ref idref="fl-3"/>
      </object_component>
      <object_component id="oc-8d">
         <name>.debug_info</name>
         <load_address>0x1fdf</load_address>
         <run_address>0x1fdf</run_address>
         <size>0x104</size>
         <input_file_ref idref="fl-3"/>
      </object_component>
      <object_component id="oc-84">
         <name>.debug_info</name>
         <load_address>0x20e3</load_address>
         <run_address>0x20e3</run_address>
         <size>0x118</size>
         <input_file_ref idref="fl-3"/>
      </object_component>
      <object_component id="oc-87">
         <name>.debug_info</name>
         <load_address>0x21fb</load_address>
         <run_address>0x21fb</run_address>
         <size>0x10a</size>
         <input_file_ref idref="fl-3"/>
      </object_component>
      <object_component id="oc-8a">
         <name>.debug_info</name>
         <load_address>0x2305</load_address>
         <run_address>0x2305</run_address>
         <size>0x100</size>
         <input_file_ref idref="fl-3"/>
      </object_component>
      <object_component id="oc-90">
         <name>.debug_info</name>
         <load_address>0x2405</load_address>
         <run_address>0x2405</run_address>
         <size>0xf2</size>
         <input_file_ref idref="fl-3"/>
      </object_component>
      <object_component id="oc-93">
         <name>.debug_info</name>
         <load_address>0x24f7</load_address>
         <run_address>0x24f7</run_address>
         <size>0xec</size>
         <input_file_ref idref="fl-3"/>
      </object_component>
      <object_component id="oc-a2">
         <name>.debug_info</name>
         <load_address>0x25e3</load_address>
         <run_address>0x25e3</run_address>
         <size>0x106</size>
         <input_file_ref idref="fl-3"/>
      </object_component>
      <object_component id="oc-99">
         <name>.debug_info</name>
         <load_address>0x26e9</load_address>
         <run_address>0x26e9</run_address>
         <size>0xfb</size>
         <input_file_ref idref="fl-3"/>
      </object_component>
      <object_component id="oc-96">
         <name>.debug_info</name>
         <load_address>0x27e4</load_address>
         <run_address>0x27e4</run_address>
         <size>0xf6</size>
         <input_file_ref idref="fl-3"/>
      </object_component>
      <object_component id="oc-2e">
         <name>.debug_info</name>
         <load_address>0x28da</load_address>
         <run_address>0x28da</run_address>
         <size>0x1fa2</size>
         <input_file_ref idref="fl-3"/>
      </object_component>
      <object_component id="oc-15a">
         <name>.debug_info</name>
         <load_address>0x487c</load_address>
         <run_address>0x487c</run_address>
         <size>0x12a</size>
         <input_file_ref idref="fl-3"/>
      </object_component>
      <object_component id="oc-17d">
         <name>.debug_info</name>
         <load_address>0x49a6</load_address>
         <run_address>0x49a6</run_address>
         <size>0x66f</size>
         <input_file_ref idref="fl-3"/>
      </object_component>
      <object_component id="oc-173">
         <name>.debug_info</name>
         <load_address>0x5015</load_address>
         <run_address>0x5015</run_address>
         <size>0x13d</size>
         <input_file_ref idref="fl-4"/>
      </object_component>
      <object_component id="oc-27d">
         <name>.debug_info</name>
         <load_address>0x5152</load_address>
         <run_address>0x5152</run_address>
         <size>0xf3</size>
         <input_file_ref idref="fl-4"/>
      </object_component>
      <object_component id="oc-280">
         <name>.debug_info</name>
         <load_address>0x5245</load_address>
         <run_address>0x5245</run_address>
         <size>0xf3</size>
         <input_file_ref idref="fl-4"/>
      </object_component>
      <object_component id="oc-283">
         <name>.debug_info</name>
         <load_address>0x5338</load_address>
         <run_address>0x5338</run_address>
         <size>0xf3</size>
         <input_file_ref idref="fl-4"/>
      </object_component>
      <object_component id="oc-286">
         <name>.debug_info</name>
         <load_address>0x542b</load_address>
         <run_address>0x542b</run_address>
         <size>0xf3</size>
         <input_file_ref idref="fl-4"/>
      </object_component>
      <object_component id="oc-289">
         <name>.debug_info</name>
         <load_address>0x551e</load_address>
         <run_address>0x551e</run_address>
         <size>0xf3</size>
         <input_file_ref idref="fl-4"/>
      </object_component>
      <object_component id="oc-28c">
         <name>.debug_info</name>
         <load_address>0x5611</load_address>
         <run_address>0x5611</run_address>
         <size>0xf3</size>
         <input_file_ref idref="fl-4"/>
      </object_component>
      <object_component id="oc-28f">
         <name>.debug_info</name>
         <load_address>0x5704</load_address>
         <run_address>0x5704</run_address>
         <size>0xf3</size>
         <input_file_ref idref="fl-4"/>
      </object_component>
      <object_component id="oc-292">
         <name>.debug_info</name>
         <load_address>0x57f7</load_address>
         <run_address>0x57f7</run_address>
         <size>0xf3</size>
         <input_file_ref idref="fl-4"/>
      </object_component>
      <object_component id="oc-295">
         <name>.debug_info</name>
         <load_address>0x58ea</load_address>
         <run_address>0x58ea</run_address>
         <size>0xf3</size>
         <input_file_ref idref="fl-4"/>
      </object_component>
      <object_component id="oc-298">
         <name>.debug_info</name>
         <load_address>0x59dd</load_address>
         <run_address>0x59dd</run_address>
         <size>0xf3</size>
         <input_file_ref idref="fl-4"/>
      </object_component>
      <object_component id="oc-29b">
         <name>.debug_info</name>
         <load_address>0x5ad0</load_address>
         <run_address>0x5ad0</run_address>
         <size>0xf3</size>
         <input_file_ref idref="fl-4"/>
      </object_component>
      <object_component id="oc-29e">
         <name>.debug_info</name>
         <load_address>0x5bc3</load_address>
         <run_address>0x5bc3</run_address>
         <size>0xf3</size>
         <input_file_ref idref="fl-4"/>
      </object_component>
      <object_component id="oc-249">
         <name>.debug_info</name>
         <load_address>0x5cb6</load_address>
         <run_address>0x5cb6</run_address>
         <size>0xfd</size>
         <input_file_ref idref="fl-4"/>
      </object_component>
      <object_component id="oc-236">
         <name>.debug_info</name>
         <load_address>0x5db3</load_address>
         <run_address>0x5db3</run_address>
         <size>0xfd</size>
         <input_file_ref idref="fl-4"/>
      </object_component>
      <object_component id="oc-239">
         <name>.debug_info</name>
         <load_address>0x5eb0</load_address>
         <run_address>0x5eb0</run_address>
         <size>0xfd</size>
         <input_file_ref idref="fl-4"/>
      </object_component>
      <object_component id="oc-246">
         <name>.debug_info</name>
         <load_address>0x5fad</load_address>
         <run_address>0x5fad</run_address>
         <size>0xfd</size>
         <input_file_ref idref="fl-4"/>
      </object_component>
      <object_component id="oc-23c">
         <name>.debug_info</name>
         <load_address>0x60aa</load_address>
         <run_address>0x60aa</run_address>
         <size>0xfd</size>
         <input_file_ref idref="fl-4"/>
      </object_component>
      <object_component id="oc-166">
         <name>.debug_info</name>
         <load_address>0x61a7</load_address>
         <run_address>0x61a7</run_address>
         <size>0x105</size>
         <input_file_ref idref="fl-4"/>
      </object_component>
      <object_component id="oc-169">
         <name>.debug_info</name>
         <load_address>0x62ac</load_address>
         <run_address>0x62ac</run_address>
         <size>0x107</size>
         <input_file_ref idref="fl-4"/>
      </object_component>
      <object_component id="oc-16c">
         <name>.debug_info</name>
         <load_address>0x63b3</load_address>
         <run_address>0x63b3</run_address>
         <size>0x107</size>
         <input_file_ref idref="fl-4"/>
      </object_component>
      <object_component id="oc-16f">
         <name>.debug_info</name>
         <load_address>0x64ba</load_address>
         <run_address>0x64ba</run_address>
         <size>0x109</size>
         <input_file_ref idref="fl-4"/>
      </object_component>
      <object_component id="oc-23f">
         <name>.debug_info</name>
         <load_address>0x65c3</load_address>
         <run_address>0x65c3</run_address>
         <size>0x117</size>
         <input_file_ref idref="fl-4"/>
      </object_component>
      <object_component id="oc-ab">
         <name>.debug_info</name>
         <load_address>0x66da</load_address>
         <run_address>0x66da</run_address>
         <size>0x115</size>
         <input_file_ref idref="fl-4"/>
      </object_component>
      <object_component id="oc-1ad">
         <name>.debug_info</name>
         <load_address>0x67ef</load_address>
         <run_address>0x67ef</run_address>
         <size>0x516</size>
         <input_file_ref idref="fl-4"/>
      </object_component>
      <object_component id="oc-f4">
         <name>.debug_info</name>
         <load_address>0x6d05</load_address>
         <run_address>0x6d05</run_address>
         <size>0x478</size>
         <input_file_ref idref="fl-5"/>
      </object_component>
      <object_component id="oc-d1">
         <name>.debug_info</name>
         <load_address>0x717d</load_address>
         <run_address>0x717d</run_address>
         <size>0x103</size>
         <input_file_ref idref="fl-5"/>
      </object_component>
      <object_component id="oc-da">
         <name>.debug_info</name>
         <load_address>0x7280</load_address>
         <run_address>0x7280</run_address>
         <size>0x10d</size>
         <input_file_ref idref="fl-5"/>
      </object_component>
      <object_component id="oc-e0">
         <name>.debug_info</name>
         <load_address>0x738d</load_address>
         <run_address>0x738d</run_address>
         <size>0x105</size>
         <input_file_ref idref="fl-5"/>
      </object_component>
      <object_component id="oc-dd">
         <name>.debug_info</name>
         <load_address>0x7492</load_address>
         <run_address>0x7492</run_address>
         <size>0xff</size>
         <input_file_ref idref="fl-5"/>
      </object_component>
      <object_component id="oc-e3">
         <name>.debug_info</name>
         <load_address>0x7591</load_address>
         <run_address>0x7591</run_address>
         <size>0xf7</size>
         <input_file_ref idref="fl-5"/>
      </object_component>
      <object_component id="oc-d7">
         <name>.debug_info</name>
         <load_address>0x7688</load_address>
         <run_address>0x7688</run_address>
         <size>0xe7</size>
         <input_file_ref idref="fl-5"/>
      </object_component>
      <object_component id="oc-ce">
         <name>.debug_info</name>
         <load_address>0x776f</load_address>
         <run_address>0x776f</run_address>
         <size>0xe3</size>
         <input_file_ref idref="fl-5"/>
      </object_component>
      <object_component id="oc-d4">
         <name>.debug_info</name>
         <load_address>0x7852</load_address>
         <run_address>0x7852</run_address>
         <size>0x101</size>
         <input_file_ref idref="fl-5"/>
      </object_component>
      <object_component id="oc-e9">
         <name>.debug_info</name>
         <load_address>0x7953</load_address>
         <run_address>0x7953</run_address>
         <size>0xed</size>
         <input_file_ref idref="fl-5"/>
      </object_component>
      <object_component id="oc-e6">
         <name>.debug_info</name>
         <load_address>0x7a40</load_address>
         <run_address>0x7a40</run_address>
         <size>0xed</size>
         <input_file_ref idref="fl-5"/>
      </object_component>
      <object_component id="oc-ec">
         <name>.debug_info</name>
         <load_address>0x7b2d</load_address>
         <run_address>0x7b2d</run_address>
         <size>0xed</size>
         <input_file_ref idref="fl-5"/>
      </object_component>
      <object_component id="oc-35">
         <name>.debug_info</name>
         <load_address>0x7c1a</load_address>
         <run_address>0x7c1a</run_address>
         <size>0x107a</size>
         <input_file_ref idref="fl-5"/>
      </object_component>
      <object_component id="oc-18a">
         <name>.debug_info</name>
         <load_address>0x8c94</load_address>
         <run_address>0x8c94</run_address>
         <size>0x356</size>
         <input_file_ref idref="fl-5"/>
      </object_component>
      <object_component id="oc-1b2">
         <name>.debug_info</name>
         <load_address>0x8fea</load_address>
         <run_address>0x8fea</run_address>
         <size>0x788</size>
         <input_file_ref idref="fl-5"/>
      </object_component>
      <object_component id="oc-2c8">
         <name>.debug_info</name>
         <load_address>0x9772</load_address>
         <run_address>0x9772</run_address>
         <size>0xf2</size>
         <input_file_ref idref="fl-6"/>
      </object_component>
      <object_component id="oc-2a3">
         <name>.debug_info</name>
         <load_address>0x9864</load_address>
         <run_address>0x9864</run_address>
         <size>0x103</size>
         <input_file_ref idref="fl-6"/>
      </object_component>
      <object_component id="oc-2a6">
         <name>.debug_info</name>
         <load_address>0x9967</load_address>
         <run_address>0x9967</run_address>
         <size>0x103</size>
         <input_file_ref idref="fl-6"/>
      </object_component>
      <object_component id="oc-2a9">
         <name>.debug_info</name>
         <load_address>0x9a6a</load_address>
         <run_address>0x9a6a</run_address>
         <size>0x103</size>
         <input_file_ref idref="fl-6"/>
      </object_component>
      <object_component id="oc-2ac">
         <name>.debug_info</name>
         <load_address>0x9b6d</load_address>
         <run_address>0x9b6d</run_address>
         <size>0x103</size>
         <input_file_ref idref="fl-6"/>
      </object_component>
      <object_component id="oc-2af">
         <name>.debug_info</name>
         <load_address>0x9c70</load_address>
         <run_address>0x9c70</run_address>
         <size>0x103</size>
         <input_file_ref idref="fl-6"/>
      </object_component>
      <object_component id="oc-2b2">
         <name>.debug_info</name>
         <load_address>0x9d73</load_address>
         <run_address>0x9d73</run_address>
         <size>0x103</size>
         <input_file_ref idref="fl-6"/>
      </object_component>
      <object_component id="oc-2b5">
         <name>.debug_info</name>
         <load_address>0x9e76</load_address>
         <run_address>0x9e76</run_address>
         <size>0x103</size>
         <input_file_ref idref="fl-6"/>
      </object_component>
      <object_component id="oc-2b8">
         <name>.debug_info</name>
         <load_address>0x9f79</load_address>
         <run_address>0x9f79</run_address>
         <size>0x103</size>
         <input_file_ref idref="fl-6"/>
      </object_component>
      <object_component id="oc-2bb">
         <name>.debug_info</name>
         <load_address>0xa07c</load_address>
         <run_address>0xa07c</run_address>
         <size>0x103</size>
         <input_file_ref idref="fl-6"/>
      </object_component>
      <object_component id="oc-2be">
         <name>.debug_info</name>
         <load_address>0xa17f</load_address>
         <run_address>0xa17f</run_address>
         <size>0x103</size>
         <input_file_ref idref="fl-6"/>
      </object_component>
      <object_component id="oc-2c1">
         <name>.debug_info</name>
         <load_address>0xa282</load_address>
         <run_address>0xa282</run_address>
         <size>0x103</size>
         <input_file_ref idref="fl-6"/>
      </object_component>
      <object_component id="oc-2c4">
         <name>.debug_info</name>
         <load_address>0xa385</load_address>
         <run_address>0xa385</run_address>
         <size>0x103</size>
         <input_file_ref idref="fl-6"/>
      </object_component>
      <object_component id="oc-242">
         <name>.debug_info</name>
         <load_address>0xa488</load_address>
         <run_address>0xa488</run_address>
         <size>0x103</size>
         <input_file_ref idref="fl-6"/>
      </object_component>
      <object_component id="oc-1ce">
         <name>.debug_info</name>
         <load_address>0xa58b</load_address>
         <run_address>0xa58b</run_address>
         <size>0x2dd</size>
         <input_file_ref idref="fl-7"/>
      </object_component>
      <object_component id="oc-219">
         <name>.debug_info</name>
         <load_address>0xa868</load_address>
         <run_address>0xa868</run_address>
         <size>0x299</size>
         <input_file_ref idref="fl-8"/>
      </object_component>
      <object_component id="oc-14b">
         <name>.debug_info</name>
         <load_address>0xab01</load_address>
         <run_address>0xab01</run_address>
         <size>0xff</size>
         <input_file_ref idref="fl-8"/>
      </object_component>
      <object_component id="oc-14e">
         <name>.debug_info</name>
         <load_address>0xac00</load_address>
         <run_address>0xac00</run_address>
         <size>0xfd</size>
         <input_file_ref idref="fl-8"/>
      </object_component>
      <object_component id="oc-151">
         <name>.debug_info</name>
         <load_address>0xacfd</load_address>
         <run_address>0xacfd</run_address>
         <size>0xf3</size>
         <input_file_ref idref="fl-8"/>
      </object_component>
      <object_component id="oc-154">
         <name>.debug_info</name>
         <load_address>0xadf0</load_address>
         <run_address>0xadf0</run_address>
         <size>0xf7</size>
         <input_file_ref idref="fl-8"/>
      </object_component>
      <object_component id="oc-157">
         <name>.debug_info</name>
         <load_address>0xaee7</load_address>
         <run_address>0xaee7</run_address>
         <size>0x101</size>
         <input_file_ref idref="fl-8"/>
      </object_component>
      <object_component id="oc-9d">
         <name>.debug_info</name>
         <load_address>0xafe8</load_address>
         <run_address>0xafe8</run_address>
         <size>0x62b</size>
         <input_file_ref idref="fl-8"/>
      </object_component>
      <object_component id="oc-271">
         <name>.debug_info</name>
         <load_address>0xb613</load_address>
         <run_address>0xb613</run_address>
         <size>0x113</size>
         <input_file_ref idref="fl-8"/>
      </object_component>
      <object_component id="oc-189">
         <name>.debug_info</name>
         <load_address>0xb726</load_address>
         <run_address>0xb726</run_address>
         <size>0x293</size>
         <input_file_ref idref="fl-9"/>
      </object_component>
      <object_component id="oc-183">
         <name>.debug_info</name>
         <load_address>0xb9b9</load_address>
         <run_address>0xb9b9</run_address>
         <size>0xe7</size>
         <input_file_ref idref="fl-9"/>
      </object_component>
      <object_component id="oc-186">
         <name>.debug_info</name>
         <load_address>0xbaa0</load_address>
         <run_address>0xbaa0</run_address>
         <size>0xe7</size>
         <input_file_ref idref="fl-9"/>
      </object_component>
      <object_component id="oc-c4">
         <name>.debug_info</name>
         <load_address>0xbb87</load_address>
         <run_address>0xbb87</run_address>
         <size>0x702</size>
         <input_file_ref idref="fl-9"/>
      </object_component>
      <object_component id="oc-126">
         <name>.debug_info</name>
         <load_address>0xc289</load_address>
         <run_address>0xc289</run_address>
         <size>0x134</size>
         <input_file_ref idref="fl-b"/>
      </object_component>
      <object_component id="oc-3b">
         <name>.debug_info</name>
         <load_address>0xc3bd</load_address>
         <run_address>0xc3bd</run_address>
         <size>0x3d7</size>
         <input_file_ref idref="fl-c"/>
      </object_component>
      <object_component id="oc-13">
         <name>.debug_info</name>
         <load_address>0xc794</load_address>
         <run_address>0xc794</run_address>
         <size>0xf8</size>
         <input_file_ref idref="fl-c"/>
      </object_component>
      <object_component id="oc-2a">
         <name>.debug_info</name>
         <load_address>0xc88c</load_address>
         <run_address>0xc88c</run_address>
         <size>0x274</size>
         <input_file_ref idref="fl-c"/>
      </object_component>
      <object_component id="oc-f7">
         <name>.debug_info</name>
         <load_address>0xcb00</load_address>
         <run_address>0xcb00</run_address>
         <size>0x26b</size>
         <input_file_ref idref="fl-c"/>
      </object_component>
      <object_component id="oc-1b7">
         <name>.debug_info</name>
         <load_address>0xcd6b</load_address>
         <run_address>0xcd6b</run_address>
         <size>0x2a4</size>
         <input_file_ref idref="fl-c"/>
      </object_component>
      <object_component id="oc-fc">
         <name>.debug_info</name>
         <load_address>0xd00f</load_address>
         <run_address>0xd00f</run_address>
         <size>0xbb</size>
         <input_file_ref idref="fl-c"/>
      </object_component>
      <object_component id="oc-c9">
         <name>.debug_info</name>
         <load_address>0xd0ca</load_address>
         <run_address>0xd0ca</run_address>
         <size>0x134</size>
         <input_file_ref idref="fl-c6"/>
      </object_component>
      <object_component id="oc-52">
         <name>.debug_info</name>
         <load_address>0xd1fe</load_address>
         <run_address>0xd1fe</run_address>
         <size>0x2a8</size>
         <input_file_ref idref="fl-c8"/>
      </object_component>
      <object_component id="oc-1e">
         <name>.debug_info</name>
         <load_address>0xd4a6</load_address>
         <run_address>0xd4a6</run_address>
         <size>0x1ea</size>
         <input_file_ref idref="fl-c8"/>
      </object_component>
      <object_component id="oc-4d">
         <name>.debug_info</name>
         <load_address>0xd690</load_address>
         <run_address>0xd690</run_address>
         <size>0x46</size>
         <input_file_ref idref="fl-c8"/>
      </object_component>
      <object_component id="oc-108">
         <name>.debug_info</name>
         <load_address>0xd6d6</load_address>
         <run_address>0xd6d6</run_address>
         <size>0x2c</size>
         <input_file_ref idref="fl-c8"/>
      </object_component>
      <object_component id="oc-106">
         <name>.debug_info</name>
         <load_address>0xd702</load_address>
         <run_address>0xd702</run_address>
         <size>0x29e</size>
         <input_file_ref idref="fl-c9"/>
      </object_component>
      <object_component id="oc-17">
         <name>.debug_info</name>
         <load_address>0xd9a0</load_address>
         <run_address>0xd9a0</run_address>
         <size>0x250</size>
         <input_file_ref idref="fl-c9"/>
      </object_component>
      <object_component id="oc-3d">
         <name>.debug_info</name>
         <load_address>0xdbf0</load_address>
         <run_address>0xdbf0</run_address>
         <size>0x60</size>
         <input_file_ref idref="fl-c9"/>
      </object_component>
      <object_component id="oc-1bc">
         <name>.debug_info</name>
         <load_address>0xdc50</load_address>
         <run_address>0xdc50</run_address>
         <size>0x46</size>
         <input_file_ref idref="fl-c9"/>
      </object_component>
      <object_component id="oc-101">
         <name>.debug_info</name>
         <load_address>0xdc96</load_address>
         <run_address>0xdc96</run_address>
         <size>0x39</size>
         <input_file_ref idref="fl-c9"/>
      </object_component>
      <object_component id="oc-25">
         <name>.debug_info</name>
         <load_address>0xdccf</load_address>
         <run_address>0xdccf</run_address>
         <size>0x10b</size>
         <input_file_ref idref="fl-ca"/>
      </object_component>
      <object_component id="oc-68">
         <name>.debug_info</name>
         <load_address>0xddda</load_address>
         <run_address>0xddda</run_address>
         <size>0x1a9</size>
         <input_file_ref idref="fl-ca"/>
      </object_component>
      <object_component id="oc-190">
         <name>.debug_info</name>
         <load_address>0xdf83</load_address>
         <run_address>0xdf83</run_address>
         <size>0x115</size>
         <input_file_ref idref="fl-cb"/>
      </object_component>
      <object_component id="oc-4a">
         <name>.debug_info</name>
         <load_address>0xe098</load_address>
         <run_address>0xe098</run_address>
         <size>0x119</size>
         <input_file_ref idref="fl-cc"/>
      </object_component>
      <object_component id="oc-25a">
         <name>.debug_info</name>
         <load_address>0xe1b1</load_address>
         <run_address>0xe1b1</run_address>
         <size>0x4b3</size>
         <input_file_ref idref="fl-ce"/>
      </object_component>
      <object_component id="oc-1e6">
         <name>.debug_info</name>
         <load_address>0xe664</load_address>
         <run_address>0xe664</run_address>
         <size>0x1a6</size>
         <input_file_ref idref="fl-ce"/>
      </object_component>
      <object_component id="oc-2df">
         <name>.debug_info</name>
         <load_address>0xe80a</load_address>
         <run_address>0xe80a</run_address>
         <size>0x39</size>
         <input_file_ref idref="fl-ce"/>
      </object_component>
      <object_component id="oc-325">
         <name>.debug_info</name>
         <load_address>0xe843</load_address>
         <run_address>0xe843</run_address>
         <size>0x39</size>
         <input_file_ref idref="fl-ce"/>
      </object_component>
      <object_component id="oc-2e4">
         <name>.debug_info</name>
         <load_address>0xe87c</load_address>
         <run_address>0xe87c</run_address>
         <size>0x39</size>
         <input_file_ref idref="fl-ce"/>
      </object_component>
      <object_component id="oc-2e9">
         <name>.debug_info</name>
         <load_address>0xe8b5</load_address>
         <run_address>0xe8b5</run_address>
         <size>0xcd</size>
         <input_file_ref idref="fl-ce"/>
      </object_component>
      <object_component id="oc-11f">
         <name>.debug_info</name>
         <load_address>0xe982</load_address>
         <run_address>0xe982</run_address>
         <size>0x153</size>
         <input_file_ref idref="fl-cf"/>
      </object_component>
      <object_component id="oc-1dd">
         <name>.debug_info</name>
         <load_address>0xead5</load_address>
         <run_address>0xead5</run_address>
         <size>0x122</size>
         <input_file_ref idref="fl-d1"/>
      </object_component>
      <object_component id="oc-35f">
         <name>.debug_info</name>
         <load_address>0xebf7</load_address>
         <run_address>0xebf7</run_address>
         <size>0xab</size>
      </object_component>
      <object_component id="oc-22d">
         <name>.debug_line</name>
         <load_address>0x0</load_address>
         <run_address>0x0</run_address>
         <size>0x62</size>
         <input_file_ref idref="fl-2"/>
      </object_component>
      <object_component id="oc-2ce">
         <name>.debug_line</name>
         <load_address>0x62</load_address>
         <run_address>0x62</run_address>
         <size>0x2f</size>
         <input_file_ref idref="fl-2"/>
      </object_component>
      <object_component id="oc-1d6">
         <name>.debug_line</name>
         <load_address>0x91</load_address>
         <run_address>0x91</run_address>
         <size>0x96</size>
         <input_file_ref idref="fl-2"/>
      </object_component>
      <object_component id="oc-ba">
         <name>.debug_line</name>
         <load_address>0x127</load_address>
         <run_address>0x127</run_address>
         <size>0x34</size>
         <input_file_ref idref="fl-2"/>
      </object_component>
      <object_component id="oc-f2">
         <name>.debug_line</name>
         <load_address>0x15b</load_address>
         <run_address>0x15b</run_address>
         <size>0x34</size>
         <input_file_ref idref="fl-2"/>
      </object_component>
      <object_component id="oc-45">
         <name>.debug_line</name>
         <load_address>0x18f</load_address>
         <run_address>0x18f</run_address>
         <size>0x20</size>
         <input_file_ref idref="fl-2"/>
      </object_component>
      <object_component id="oc-c0">
         <name>.debug_line</name>
         <load_address>0x1af</load_address>
         <run_address>0x1af</run_address>
         <size>0x2d</size>
         <input_file_ref idref="fl-2"/>
      </object_component>
      <object_component id="oc-17c">
         <name>.debug_line</name>
         <load_address>0x1dc</load_address>
         <run_address>0x1dc</run_address>
         <size>0x41</size>
         <input_file_ref idref="fl-3"/>
      </object_component>
      <object_component id="oc-135">
         <name>.debug_line</name>
         <load_address>0x21d</load_address>
         <run_address>0x21d</run_address>
         <size>0x2d</size>
         <input_file_ref idref="fl-3"/>
      </object_component>
      <object_component id="oc-179">
         <name>.debug_line</name>
         <load_address>0x24a</load_address>
         <run_address>0x24a</run_address>
         <size>0x2d</size>
         <input_file_ref idref="fl-3"/>
      </object_component>
      <object_component id="oc-164">
         <name>.debug_line</name>
         <load_address>0x277</load_address>
         <run_address>0x277</run_address>
         <size>0x2d</size>
         <input_file_ref idref="fl-3"/>
      </object_component>
      <object_component id="oc-175">
         <name>.debug_line</name>
         <load_address>0x2a4</load_address>
         <run_address>0x2a4</run_address>
         <size>0x2d</size>
         <input_file_ref idref="fl-3"/>
      </object_component>
      <object_component id="oc-177">
         <name>.debug_line</name>
         <load_address>0x2d1</load_address>
         <run_address>0x2d1</run_address>
         <size>0x2d</size>
         <input_file_ref idref="fl-3"/>
      </object_component>
      <object_component id="oc-162">
         <name>.debug_line</name>
         <load_address>0x2fe</load_address>
         <run_address>0x2fe</run_address>
         <size>0x2d</size>
         <input_file_ref idref="fl-3"/>
      </object_component>
      <object_component id="oc-139">
         <name>.debug_line</name>
         <load_address>0x32b</load_address>
         <run_address>0x32b</run_address>
         <size>0x2d</size>
         <input_file_ref idref="fl-3"/>
      </object_component>
      <object_component id="oc-137">
         <name>.debug_line</name>
         <load_address>0x358</load_address>
         <run_address>0x358</run_address>
         <size>0x2d</size>
         <input_file_ref idref="fl-3"/>
      </object_component>
      <object_component id="oc-141">
         <name>.debug_line</name>
         <load_address>0x385</load_address>
         <run_address>0x385</run_address>
         <size>0x2d</size>
         <input_file_ref idref="fl-3"/>
      </object_component>
      <object_component id="oc-13b">
         <name>.debug_line</name>
         <load_address>0x3b2</load_address>
         <run_address>0x3b2</run_address>
         <size>0x2d</size>
         <input_file_ref idref="fl-3"/>
      </object_component>
      <object_component id="oc-13d">
         <name>.debug_line</name>
         <load_address>0x3df</load_address>
         <run_address>0x3df</run_address>
         <size>0x2d</size>
         <input_file_ref idref="fl-3"/>
      </object_component>
      <object_component id="oc-13f">
         <name>.debug_line</name>
         <load_address>0x40c</load_address>
         <run_address>0x40c</run_address>
         <size>0x2d</size>
         <input_file_ref idref="fl-3"/>
      </object_component>
      <object_component id="oc-143">
         <name>.debug_line</name>
         <load_address>0x439</load_address>
         <run_address>0x439</run_address>
         <size>0x2d</size>
         <input_file_ref idref="fl-3"/>
      </object_component>
      <object_component id="oc-145">
         <name>.debug_line</name>
         <load_address>0x466</load_address>
         <run_address>0x466</run_address>
         <size>0x2d</size>
         <input_file_ref idref="fl-3"/>
      </object_component>
      <object_component id="oc-160">
         <name>.debug_line</name>
         <load_address>0x493</load_address>
         <run_address>0x493</run_address>
         <size>0x2d</size>
         <input_file_ref idref="fl-3"/>
      </object_component>
      <object_component id="oc-149">
         <name>.debug_line</name>
         <load_address>0x4c0</load_address>
         <run_address>0x4c0</run_address>
         <size>0x2d</size>
         <input_file_ref idref="fl-3"/>
      </object_component>
      <object_component id="oc-147">
         <name>.debug_line</name>
         <load_address>0x4ed</load_address>
         <run_address>0x4ed</run_address>
         <size>0x2d</size>
         <input_file_ref idref="fl-3"/>
      </object_component>
      <object_component id="oc-32">
         <name>.debug_line</name>
         <load_address>0x51a</load_address>
         <run_address>0x51a</run_address>
         <size>0x419</size>
         <input_file_ref idref="fl-3"/>
      </object_component>
      <object_component id="oc-15d">
         <name>.debug_line</name>
         <load_address>0x933</load_address>
         <run_address>0x933</run_address>
         <size>0x34</size>
         <input_file_ref idref="fl-3"/>
      </object_component>
      <object_component id="oc-180">
         <name>.debug_line</name>
         <load_address>0x967</load_address>
         <run_address>0x967</run_address>
         <size>0x31</size>
         <input_file_ref idref="fl-3"/>
      </object_component>
      <object_component id="oc-22b">
         <name>.debug_line</name>
         <load_address>0x998</load_address>
         <run_address>0x998</run_address>
         <size>0x20</size>
         <input_file_ref idref="fl-4"/>
      </object_component>
      <object_component id="oc-2f1">
         <name>.debug_line</name>
         <load_address>0x9b8</load_address>
         <run_address>0x9b8</run_address>
         <size>0x34</size>
         <input_file_ref idref="fl-4"/>
      </object_component>
      <object_component id="oc-2f3">
         <name>.debug_line</name>
         <load_address>0x9ec</load_address>
         <run_address>0x9ec</run_address>
         <size>0x34</size>
         <input_file_ref idref="fl-4"/>
      </object_component>
      <object_component id="oc-2f5">
         <name>.debug_line</name>
         <load_address>0xa20</load_address>
         <run_address>0xa20</run_address>
         <size>0x34</size>
         <input_file_ref idref="fl-4"/>
      </object_component>
      <object_component id="oc-2f7">
         <name>.debug_line</name>
         <load_address>0xa54</load_address>
         <run_address>0xa54</run_address>
         <size>0x34</size>
         <input_file_ref idref="fl-4"/>
      </object_component>
      <object_component id="oc-2f9">
         <name>.debug_line</name>
         <load_address>0xa88</load_address>
         <run_address>0xa88</run_address>
         <size>0x34</size>
         <input_file_ref idref="fl-4"/>
      </object_component>
      <object_component id="oc-2fb">
         <name>.debug_line</name>
         <load_address>0xabc</load_address>
         <run_address>0xabc</run_address>
         <size>0x34</size>
         <input_file_ref idref="fl-4"/>
      </object_component>
      <object_component id="oc-2fd">
         <name>.debug_line</name>
         <load_address>0xaf0</load_address>
         <run_address>0xaf0</run_address>
         <size>0x34</size>
         <input_file_ref idref="fl-4"/>
      </object_component>
      <object_component id="oc-2ff">
         <name>.debug_line</name>
         <load_address>0xb24</load_address>
         <run_address>0xb24</run_address>
         <size>0x34</size>
         <input_file_ref idref="fl-4"/>
      </object_component>
      <object_component id="oc-301">
         <name>.debug_line</name>
         <load_address>0xb58</load_address>
         <run_address>0xb58</run_address>
         <size>0x34</size>
         <input_file_ref idref="fl-4"/>
      </object_component>
      <object_component id="oc-303">
         <name>.debug_line</name>
         <load_address>0xb8c</load_address>
         <run_address>0xb8c</run_address>
         <size>0x34</size>
         <input_file_ref idref="fl-4"/>
      </object_component>
      <object_component id="oc-305">
         <name>.debug_line</name>
         <load_address>0xbc0</load_address>
         <run_address>0xbc0</run_address>
         <size>0x34</size>
         <input_file_ref idref="fl-4"/>
      </object_component>
      <object_component id="oc-307">
         <name>.debug_line</name>
         <load_address>0xbf4</load_address>
         <run_address>0xbf4</run_address>
         <size>0x34</size>
         <input_file_ref idref="fl-4"/>
      </object_component>
      <object_component id="oc-2cc">
         <name>.debug_line</name>
         <load_address>0xc28</load_address>
         <run_address>0xc28</run_address>
         <size>0x34</size>
         <input_file_ref idref="fl-4"/>
      </object_component>
      <object_component id="oc-277">
         <name>.debug_line</name>
         <load_address>0xc5c</load_address>
         <run_address>0xc5c</run_address>
         <size>0x34</size>
         <input_file_ref idref="fl-4"/>
      </object_component>
      <object_component id="oc-279">
         <name>.debug_line</name>
         <load_address>0xc90</load_address>
         <run_address>0xc90</run_address>
         <size>0x34</size>
         <input_file_ref idref="fl-4"/>
      </object_component>
      <object_component id="oc-2ca">
         <name>.debug_line</name>
         <load_address>0xcc4</load_address>
         <run_address>0xcc4</run_address>
         <size>0x34</size>
         <input_file_ref idref="fl-4"/>
      </object_component>
      <object_component id="oc-27b">
         <name>.debug_line</name>
         <load_address>0xcf8</load_address>
         <run_address>0xcf8</run_address>
         <size>0x34</size>
         <input_file_ref idref="fl-4"/>
      </object_component>
      <object_component id="oc-223">
         <name>.debug_line</name>
         <load_address>0xd2c</load_address>
         <run_address>0xd2c</run_address>
         <size>0x34</size>
         <input_file_ref idref="fl-4"/>
      </object_component>
      <object_component id="oc-225">
         <name>.debug_line</name>
         <load_address>0xd60</load_address>
         <run_address>0xd60</run_address>
         <size>0x34</size>
         <input_file_ref idref="fl-4"/>
      </object_component>
      <object_component id="oc-227">
         <name>.debug_line</name>
         <load_address>0xd94</load_address>
         <run_address>0xd94</run_address>
         <size>0x34</size>
         <input_file_ref idref="fl-4"/>
      </object_component>
      <object_component id="oc-229">
         <name>.debug_line</name>
         <load_address>0xdc8</load_address>
         <run_address>0xdc8</run_address>
         <size>0x34</size>
         <input_file_ref idref="fl-4"/>
      </object_component>
      <object_component id="oc-2a1">
         <name>.debug_line</name>
         <load_address>0xdfc</load_address>
         <run_address>0xdfc</run_address>
         <size>0x34</size>
         <input_file_ref idref="fl-4"/>
      </object_component>
      <object_component id="oc-172">
         <name>.debug_line</name>
         <load_address>0xe30</load_address>
         <run_address>0xe30</run_address>
         <size>0x34</size>
         <input_file_ref idref="fl-4"/>
      </object_component>
      <object_component id="oc-1b0">
         <name>.debug_line</name>
         <load_address>0xe64</load_address>
         <run_address>0xe64</run_address>
         <size>0x34</size>
         <input_file_ref idref="fl-4"/>
      </object_component>
      <object_component id="oc-1ac">
         <name>.debug_line</name>
         <load_address>0xe98</load_address>
         <run_address>0xe98</run_address>
         <size>0x50</size>
         <input_file_ref idref="fl-5"/>
      </object_component>
      <object_component id="oc-198">
         <name>.debug_line</name>
         <load_address>0xee8</load_address>
         <run_address>0xee8</run_address>
         <size>0x2d</size>
         <input_file_ref idref="fl-5"/>
      </object_component>
      <object_component id="oc-19e">
         <name>.debug_line</name>
         <load_address>0xf15</load_address>
         <run_address>0xf15</run_address>
         <size>0x2d</size>
         <input_file_ref idref="fl-5"/>
      </object_component>
      <object_component id="oc-1a2">
         <name>.debug_line</name>
         <load_address>0xf42</load_address>
         <run_address>0xf42</run_address>
         <size>0x2d</size>
         <input_file_ref idref="fl-5"/>
      </object_component>
      <object_component id="oc-1a0">
         <name>.debug_line</name>
         <load_address>0xf6f</load_address>
         <run_address>0xf6f</run_address>
         <size>0x2d</size>
         <input_file_ref idref="fl-5"/>
      </object_component>
      <object_component id="oc-1a4">
         <name>.debug_line</name>
         <load_address>0xf9c</load_address>
         <run_address>0xf9c</run_address>
         <size>0x2d</size>
         <input_file_ref idref="fl-5"/>
      </object_component>
      <object_component id="oc-19c">
         <name>.debug_line</name>
         <load_address>0xfc9</load_address>
         <run_address>0xfc9</run_address>
         <size>0x2d</size>
         <input_file_ref idref="fl-5"/>
      </object_component>
      <object_component id="oc-196">
[...]
         <value>0x16a1</value>
         <object_component_ref idref="oc-1d2"/>
      </symbol>
      <symbol id="sm-5d">
         <name>Application_PortFCallBackFunc</name>
         <value>0x168d</value>
         <object_component_ref idref="oc-1d2"/>
      </symbol>
      <symbol id="sm-5e">
         <name>RedLedState</name>
         <value>0x20000266</value>
         <object_component_ref idref="oc-24b"/>
      </symbol>
      <symbol id="sm-5f">
         <name>Button1_PressedFlag</name>
         <value>0x20000264</value>
         <object_component_ref idref="oc-24b"/>
      </symbol>
      <symbol id="sm-60">
         <name>ReadButtonState</name>
         <value>0x16c3</value>
         <object_component_ref idref="oc-1d2"/>
      </symbol>
      <symbol id="sm-61">
         <name>Button2_PressedFlag</name>
         <value>0x20000265</value>
         <object_component_ref idref="oc-24b"/>
      </symbol>
      <symbol id="sm-167">
         <name>EXTIFIntHandler</name>
         <value>0x331</value>
         <object_component_ref idref="oc-2d"/>
      </symbol>
      <symbol id="sm-168">
         <name>EXTIAIntHandler</name>
         <value>0x2e1</value>
         <object_component_ref idref="oc-2d"/>
      </symbol>
      <symbol id="sm-169">
         <name>RegisterCallbackFunction</name>
         <value>0xc77</value>
         <object_component_ref idref="oc-2d"/>
      </symbol>
      <symbol id="sm-16a">
         <name>EXTIBIntHandler</name>
         <value>0x2f1</value>
         <object_component_ref idref="oc-2d"/>
      </symbol>
      <symbol id="sm-16b">
         <name>EXTICIntHandler</name>
         <value>0x301</value>
         <object_component_ref idref="oc-2d"/>
      </symbol>
      <symbol id="sm-16c">
         <name>GPIO_EnableAFSEL_GPTM</name>
         <value>0x8d1</value>
         <object_component_ref idref="oc-2d"/>
      </symbol>
      <symbol id="sm-16d">
         <name>GPIO_EnableAFSEL_UART</name>
         <value>0x91d</value>
         <object_component_ref idref="oc-2d"/>
      </symbol>
      <symbol id="sm-16e">
         <name>GPIO_TogglePinValue</name>
         <value>0x459</value>
         <object_component_ref idref="oc-2d"/>
      </symbol>
      <symbol id="sm-16f">
         <name>GPIO_ConfigureCommit</name>
         <value>0x6b1</value>
         <object_component_ref idref="oc-2d"/>
      </symbol>
      <symbol id="sm-170">
         <name>GPIO_ConfigureInterruptSource</name>
         <value>0xac5</value>
         <object_component_ref idref="oc-2d"/>
      </symbol>
      <symbol id="sm-171">
         <name>GPIO_ConfigureAlternateFunctionSelect</name>
         <value>0x49b</value>
         <object_component_ref idref="oc-2d"/>
      </symbol>
      <symbol id="sm-172">
         <name>GPIO_ConfigureInputPin</name>
         <value>0x7b9</value>
         <object_component_ref idref="oc-2d"/>
      </symbol>
      <symbol id="sm-173">
         <name>GPIO_ConfigureOutputPin</name>
         <value>0x76f</value>
         <object_component_ref idref="oc-2d"/>
      </symbol>
      <symbol id="sm-174">
         <name>GPIO_ConfigureInterruptMask</name>
         <value>0xa35</value>
         <object_component_ref idref="oc-2d"/>
      </symbol>
      <symbol id="sm-175">
         <name>GPIO_SetInputStatus</name>
         <value>0x72d</value>
         <object_component_ref idref="oc-2d"/>
      </symbol>
      <symbol id="sm-176">
         <name>GPIO_ReadBitBandBits</name>
         <value>0x807</value>
         <object_component_ref idref="oc-2d"/>
      </symbol>
      <symbol id="sm-177">
         <name>GPIO_EXTIClearInterrupt</name>
         <value>0x9ed</value>
         <object_component_ref idref="oc-2d"/>
      </symbol>
      <symbol id="sm-178">
         <name>GPIO_SetData</name>
         <value>0x3cd</value>
         <object_component_ref idref="oc-2d"/>
      </symbol>
      <symbol id="sm-179">
         <name>GPIO_ConfigurePortControl</name>
         <value>0x5c1</value>
         <object_component_ref idref="oc-2d"/>
      </symbol>
      <symbol id="sm-17a">
         <name>GPIO_WriteBitBandBits</name>
         <value>0x831</value>
         <object_component_ref idref="oc-2d"/>
      </symbol>
      <symbol id="sm-17b">
         <name>GPIO_ConfigureAnalogModeSelect</name>
         <value>0x52d</value>
         <object_component_ref idref="oc-2d"/>
      </symbol>
      <symbol id="sm-17c">
         <name>GPIO_BIT_BAND_Registers</name>
         <value>0x20000248</value>
         <object_component_ref idref="oc-98"/>
      </symbol>
      <symbol id="sm-17d">
         <name>GPIO_ConfigureDigitalEnable</name>
         <value>0x621</value>
         <object_component_ref idref="oc-2d"/>
      </symbol>
      <symbol id="sm-17e">
         <name>GPIO_ToggleBitBandBits</name>
         <value>0x897</value>
         <object_component_ref idref="oc-2d"/>
      </symbol>
      <symbol id="sm-17f">
         <name>GPIO_EnableAFSEL_CAN</name>
         <value>0x97f</value>
         <object_component_ref idref="oc-2d"/>
      </symbol>
      <symbol id="sm-180">
         <name>GPIO_SetPinStatus</name>
         <value>0x341</value>
         <object_component_ref idref="oc-2d"/>
      </symbol>
      <symbol id="sm-181">
         <name>EXTIDIntHandler</name>
         <value>0x311</value>
         <object_component_ref idref="oc-2d"/>
      </symbol>
      <symbol id="sm-182">
         <name>EXTIEIntHandler</name>
         <value>0x321</value>
         <object_component_ref idref="oc-2d"/>
      </symbol>
      <symbol id="sm-216">
         <name>Timer1A_32_64Bit</name>
         <value>0x1e1d</value>
         <object_component_ref idref="oc-282"/>
      </symbol>
      <symbol id="sm-217">
         <name>Timer0A_32_64Bit</name>
         <value>0x1e17</value>
         <object_component_ref idref="oc-27c"/>
      </symbol>
      <symbol id="sm-218">
         <name>Timer3A_32_64Bit</name>
         <value>0x1e29</value>
         <object_component_ref idref="oc-28e"/>
      </symbol>
      <symbol id="sm-219">
         <name>Timer2A_32_64Bit</name>
         <value>0x1e23</value>
         <object_component_ref idref="oc-288"/>
      </symbol>
      <symbol id="sm-21a">
         <name>Timer5A_32_64Bit</name>
         <value>0x1e35</value>
         <object_component_ref idref="oc-29a"/>
      </symbol>
      <symbol id="sm-21b">
         <name>Timer4A_32_64Bit</name>
         <value>0x1e2f</value>
         <object_component_ref idref="oc-294"/>
      </symbol>
      <symbol id="sm-21c">
         <name>Timer1B_32_64Bit</name>
         <value>0x1e20</value>
         <object_component_ref idref="oc-285"/>
      </symbol>
      <symbol id="sm-21d">
         <name>Timer0B_32_64Bit</name>
         <value>0x1e1a</value>
         <object_component_ref idref="oc-27f"/>
      </symbol>
      <symbol id="sm-21e">
         <name>InterruptSourceFallingLevel</name>
         <value>0x2000026a</value>
         <object_component_ref idref="oc-16e"/>
      </symbol>
      <symbol id="sm-21f">
         <name>Timer3B_32_64Bit</name>
         <value>0x1e2c</value>
         <object_component_ref idref="oc-291"/>
      </symbol>
      <symbol id="sm-220">
         <name>Timer2B_32_64Bit</name>
         <value>0x1e26</value>
         <object_component_ref idref="oc-28b"/>
      </symbol>
      <symbol id="sm-221">
         <name>InterruptSourceFallingEdge</name>
         <value>0x20000267</value>
         <object_component_ref idref="oc-168"/>
      </symbol>
      <symbol id="sm-222">
         <name>Timer5B_32_64Bit</name>
         <value>0x1e38</value>
         <object_component_ref idref="oc-29d"/>
      </symbol>
      <symbol id="sm-223">
         <name>Timer4B_32_64Bit</name>
         <value>0x1e32</value>
         <object_component_ref idref="oc-297"/>
      </symbol>
      <symbol id="sm-224">
         <name>GPIO_InterruptSource_ArrPtrStruct</name>
         <value>0x1d90</value>
         <object_component_ref idref="oc-aa"/>
      </symbol>
      <symbol id="sm-225">
         <name>InterruptSourceRisingLevel</name>
         <value>0x20000270</value>
         <object_component_ref idref="oc-16b"/>
      </symbol>
      <symbol id="sm-226">
         <name>GPIO_TimerAFSELConfig_ArrPtrStruct</name>
         <value>0x1a78</value>
         <object_component_ref idref="oc-23e"/>
      </symbol>
      <symbol id="sm-227">
         <name>InterruptSourceRisingEdge</name>
         <value>0x2000026d</value>
         <object_component_ref idref="oc-165"/>
      </symbol>
      <symbol id="sm-228">
         <name>GPIO_ConfigurePin_PF4</name>
         <value>0x2000027b</value>
         <object_component_ref idref="oc-248"/>
      </symbol>
      <symbol id="sm-229">
         <name>GPIO_ConfigurePin_PF2</name>
         <value>0x20000277</value>
         <object_component_ref idref="oc-235"/>
      </symbol>
      <symbol id="sm-22a">
         <name>GPIO_ConfigurePin_PF3</name>
         <value>0x20000279</value>
         <object_component_ref idref="oc-23b"/>
      </symbol>
      <symbol id="sm-22b">
         <name>GPIO_ConfigurePin_PF0</name>
         <value>0x20000273</value>
         <object_component_ref idref="oc-245"/>
      </symbol>
      <symbol id="sm-22c">
         <name>GPIO_ConfigurePin_PF1</name>
         <value>0x20000275</value>
         <object_component_ref idref="oc-238"/>
      </symbol>
      <symbol id="sm-2bc">
         <name>GPTM_GenerateDelay</name>
         <value>0x1025</value>
         <object_component_ref idref="oc-33"/>
      </symbol>
      <symbol id="sm-2bd">
         <name>GPTM_WideSubTimer1B_Handler</name>
         <value>0xda5</value>
         <object_component_ref idref="oc-33"/>
      </symbol>
      <symbol id="sm-2be">
         <name>GPTM_RegisterCallbackFunction</name>
         <value>0xd91</value>
         <object_component_ref idref="oc-33"/>
      </symbol>
      <symbol id="sm-2bf">
         <name>GPTM_InitializeDelayMode</name>
         <value>0xf65</value>
         <object_component_ref idref="oc-33"/>
      </symbol>
      <symbol id="sm-2c0">
         <name>GPTM_InitializePWM</name>
         <value>0xda7</value>
         <object_component_ref idref="oc-33"/>
      </symbol>
      <symbol id="sm-2c1">
         <name>GPTM_GeneratePWM</name>
         <value>0xeb9</value>
         <object_component_ref idref="oc-33"/>
      </symbol>
      <symbol id="sm-2c2">
         <name>GPTM_WideSubTimer0A_Handler</name>
         <value>0xd81</value>
         <object_component_ref idref="oc-33"/>
      </symbol>
      <symbol id="sm-2c3">
         <name>GPTM_WideSubTimerA_ClearInterrupt</name>
         <value>0x117b</value>
         <object_component_ref idref="oc-33"/>
      </symbol>
      <symbol id="sm-2c4">
         <name>GPTM_WideSubTimer1A_Handler</name>
         <value>0xda3</value>
         <object_component_ref idref="oc-33"/>
      </symbol>
      <symbol id="sm-2c5">
         <name>GPTM_GenerateDelay_Interrupt</name>
         <value>0x10d5</value>
         <object_component_ref idref="oc-33"/>
      </symbol>
      <symbol id="sm-2c6">
         <name>GPTM_WideSubTimer0B_Handler</name>
         <value>0xda1</value>
         <object_component_ref idref="oc-33"/>
      </symbol>
      <symbol id="sm-319">
         <name>GPTM_Config_ArrPtrStruct</name>
         <value>0x20000200</value>
         <object_component_ref idref="oc-241"/>
      </symbol>
      <symbol id="sm-31a">
         <name>GPTM_Config_32BitTimer5A</name>
         <value>0x1e0f</value>
         <object_component_ref idref="oc-2c0"/>
      </symbol>
      <symbol id="sm-31b">
         <name>GPTM_Config_32BitTimer5B</name>
         <value>0x1e13</value>
         <object_component_ref idref="oc-2c3"/>
      </symbol>
      <symbol id="sm-31c">
         <name>GPTM_Config_32BitTimer4A</name>
         <value>0x1e07</value>
         <object_component_ref idref="oc-2ba"/>
      </symbol>
      <symbol id="sm-31d">
         <name>GPTM_Config_32BitTimer4B</name>
         <value>0x1e0b</value>
         <object_component_ref idref="oc-2bd"/>
      </symbol>
      <symbol id="sm-31e">
         <name>GPTM_Config_32BitTimer1A</name>
         <value>0x1def</value>
         <object_component_ref idref="oc-2a8"/>
      </symbol>
      <symbol id="sm-31f">
         <name>GPTM_Config_32BitTimer1B</name>
         <value>0x1df3</value>
         <object_component_ref idref="oc-2ab"/>
      </symbol>
      <symbol id="sm-320">
         <name>GPTM_Config_32BitTimer0A</name>
         <value>0x1de7</value>
         <object_component_ref idref="oc-2a2"/>
      </symbol>
      <symbol id="sm-321">
         <name>GPTM_Config_32BitTimer0B</name>
         <value>0x1deb</value>
         <object_component_ref idref="oc-2a5"/>
      </symbol>
      <symbol id="sm-322">
         <name>GPTM_Config_32BitTimer3A</name>
         <value>0x1dff</value>
         <object_component_ref idref="oc-2b4"/>
      </symbol>
      <symbol id="sm-323">
         <name>GPTM_Config_32BitTimer3B</name>
         <value>0x1e03</value>
         <object_component_ref idref="oc-2b7"/>
      </symbol>
      <symbol id="sm-324">
         <name>GPTM_Config_32BitTimer2A</name>
         <value>0x1df7</value>
         <object_component_ref idref="oc-2ae"/>
      </symbol>
      <symbol id="sm-325">
         <name>GPTM_Config_32BitTimer2B</name>
         <value>0x1dfb</value>
         <object_component_ref idref="oc-2b1"/>
      </symbol>
      <symbol id="sm-338">
         <name>Led_InitializeAllLeds</name>
         <value>0x18ad</value>
         <object_component_ref idref="oc-1cc"/>
      </symbol>
      <symbol id="sm-339">
         <name>CallBack_GPTM</name>
         <value>0x189d</value>
         <object_component_ref idref="oc-1cc"/>
      </symbol>
      <symbol id="sm-33a">
         <name>Leds_ToggleRedLed</name>
         <value>0x18e3</value>
         <object_component_ref idref="oc-1cc"/>
      </symbol>
      <symbol id="sm-380">
         <name>NVIC_Set_Pending</name>
         <value>0x121d</value>
         <object_component_ref idref="oc-9b"/>
      </symbol>
      <symbol id="sm-381">
         <name>NVIC_Clear_Pending</name>
         <value>0x1255</value>
         <object_component_ref idref="oc-9b"/>
      </symbol>
      <symbol id="sm-382">
         <name>NVIC_Clear_Interrupt</name>
         <value>0x11e5</value>
         <object_component_ref idref="oc-9b"/>
      </symbol>
      <symbol id="sm-383">
         <name>NVIC_Enable_Interrupt</name>
         <value>0x11ad</value>
         <object_component_ref idref="oc-9b"/>
      </symbol>
      <symbol id="sm-384">
         <name>NVIC_SetPriorityGrouping</name>
         <value>0x128d</value>
         <object_component_ref idref="oc-9b"/>
      </symbol>
      <symbol id="sm-385">
         <name>NVIC_AssignPriority</name>
         <value>0x12b9</value>
         <object_component_ref idref="oc-9b"/>
      </symbol>
      <symbol id="sm-3c7">
         <name>SC_PWMDIV</name>
         <value>0x1ddf</value>
         <object_component_ref idref="oc-185"/>
      </symbol>
      <symbol id="sm-3c8">
         <name>SC_GetSystemClock</name>
         <value>0x155b</value>
         <object_component_ref idref="oc-c2"/>
      </symbol>
      <symbol id="sm-3c9">
         <name>SC_Initialization</name>
         <value>0x143b</value>
         <object_component_ref idref="oc-c2"/>
      </symbol>
      <symbol id="sm-3ca">
         <name>SC_CAN_ClkIntialization</name>
         <value>0x1641</value>
         <object_component_ref idref="oc-c2"/>
      </symbol>
      <symbol id="sm-3cb">
         <name>SC_GetPWMFrequency</name>
         <value>0x15f7</value>
         <object_component_ref idref="oc-c2"/>
      </symbol>
      <symbol id="sm-3cc">
         <name>SC_PWMClkIntialization</name>
         <value>0x15c3</value>
         <object_component_ref idref="oc-c2"/>
      </symbol>
      <symbol id="sm-3cd">
         <name>SC_SYSDIV</name>
         <value>0x1dd0</value>
         <object_component_ref idref="oc-182"/>
      </symbol>
      <symbol id="sm-3ce">
         <name>SC_ADC_ClkIntialization</name>
         <value>0x1625</value>
         <object_component_ref idref="oc-c2"/>
      </symbol>
      <symbol id="sm-3da">
         <name>main</name>
         <value>0x19f7</value>
         <object_component_ref idref="oc-122"/>
      </symbol>
      <symbol id="sm-405">
         <name>ResetISR</name>
         <value>0x1a05</value>
         <object_component_ref idref="oc-27"/>
      </symbol>
      <symbol id="sm-406">
         <name>g_pfnVectors</name>
         <value>0x0</value>
         <object_component_ref idref="oc-12"/>
      </symbol>
      <symbol id="sm-413">
         <name>__aeabi_uldivmod</name>
         <value>0x1805</value>
         <object_component_ref idref="oc-c8"/>
      </symbol>
      <symbol id="sm-42b">
         <name>__TI_decompress_none</name>
         <value>0x19e9</value>
         <object_component_ref idref="oc-1b"/>
      </symbol>
      <symbol id="sm-44e">
         <name>__TI_decompress_lzss</name>
         <value>0x1909</value>
         <object_component_ref idref="oc-15"/>
      </symbol>
      <symbol id="sm-461">
         <name>__stack</name>
         <value>0x20000000</value>
         <object_component_ref idref="oc-24"/>
      </symbol>
      <symbol id="sm-462">
         <name>_c_int00_noargs</name>
         <value>0x19b5</value>
         <object_component_ref idref="oc-65"/>
      </symbol>
      <symbol id="sm-46c">
         <name>__aeabi_idiv0</name>
         <value>0x189b</value>
         <object_component_ref idref="oc-18f"/>
      </symbol>
      <symbol id="sm-46d">
         <name>__aeabi_ldiv0</name>
         <value>0x189b</value>
         <object_component_ref idref="oc-18f"/>
      </symbol>
      <symbol id="sm-488">
         <name>memcpy</name>
         <value>0x1769</value>
         <object_component_ref idref="oc-47"/>
      </symbol>
      <symbol id="sm-489">
         <name>__aeabi_memcpy</name>
         <value>0x1769</value>
         <object_component_ref idref="oc-47"/>
      </symbol>
      <symbol id="sm-48a">
         <name>__aeabi_memcpy8</name>
         <value>0x1769</value>
         <object_component_ref idref="oc-47"/>
      </symbol>
      <symbol id="sm-48b">
         <name>__aeabi_memcpy4</name>
         <value>0x1769</value>
         <object_component_ref idref="oc-47"/>
      </symbol>
      <symbol id="sm-4b4">
         <name>__TI_auto_init_nobinit_nopinit</name>
         <value>0x1971</value>
         <object_component_ref idref="oc-1e5"/>
      </symbol>
      <symbol id="sm-4be">
         <name>_system_pre_init</name>
         <value>0x1a11</value>
         <object_component_ref idref="oc-11c"/>
      </symbol>
      <symbol id="sm-4ca">
         <name>C$$EXIT</name>
         <value>0x1a15</value>
         <object_component_ref idref="oc-1d9"/>
      </symbol>
      <symbol id="sm-4cb">
         <name>abort</name>
         <value>0x1a15</value>
         <object_component_ref idref="oc-1d9"/>
      </symbol>
      <symbol id="sm-4ce">
         <name>__TI_static_base__</name>
         <value>0x0</value>
      </symbol>
      <symbol id="sm-4d1">
         <name>__mpu_init</name>
         <value>0x0</value>
      </symbol>
      <symbol id="sm-4d2">
         <name>_system_post_cinit</name>
         <value>0x0</value>
      </symbol>
   </symbol_table>
   <title>Link successful</title>
</link_info>
